ui.c:66:6:decHour	16	static
ui.c:73:6:decMin	16	static
ui.c:80:6:decSec	16	static
ui.c:87:6:decDay	24	static
ui.c:118:6:decMon	16	static
ui.c:125:6:decYear	16	static
ui.c:132:6:incHour	16	static
ui.c:139:6:incMin	16	static
ui.c:145:6:incSec	16	static
ui.c:151:6:incDay	24	static
ui.c:181:6:incMon	16	static
ui.c:187:6:incYear	16	static
ui.c:194:6:UI_resetScreen	8	static
ui.c:198:12:getTimeSinceClick	16	static
ui.c:205:5:containsSame	32	static
ui.c:212:6:getRandomPositions	32	static
ui.c:224:6:setRandomPositions	8	static
ui.c:228:6:setTopObs	16	static
ui.c:237:6:copyIntArray	32	static
ui.c:243:6:setBotObs	8	static
ui.c:248:6:showObstacles	8	static
ui.c:255:6:printTime	16	static
ui.c:272:6:UI_setObstacles	8	static
ui.c:280:5:UI_evalTimeOfObstacles	16	static
ui.c:286:5:evalTimeToFlip	16	static
ui.c:292:6:UI_showTime	48	static
ui.c:298:6:writePlayers	8	static
ui.c:313:6:UI_showBestPlayer	8	static
ui.c:318:6:UI_showMenus	16	static
ui.c:329:6:UI_resetObstacles	32	static
ui.c:336:5:UI_shouldEnterManut	8	static
ui.c:352:6:UI_createCar	16	static
ui.c:365:5:getXStateRight	16	static
ui.c:388:5:getXStateLeft	16	static
ui.c:411:6:UI_moveCar	24	static
ui.c:444:6:UI_erasePlayers	16	static
ui.c:458:6:writeManutMenu	8	static
ui.c:466:6:UI_updateCalendar	112	static
ui.c:537:6:UI_manutMode	40	static
ui.c:604:6:UI_waitForNoInput	8	static
ui.c:608:6:setHighScore	32	static
ui.c:650:5:evalScore	24	static
ui.c:663:6:showScore	16	static
ui.c:677:5:evalLoss	4	static
ui.c:682:6:UI_gameMode	16	static
ui.c:705:6:UI_init	8	static
