Archive member included to satisfy reference by file (symbol)

C:\Users\obrun\Documents\MCUXpressoIDE_11.2.1_4149\SE1\SE2021\Debug\libSE2021.a(button.o)
                              ./src/Car_Runner.o (BUTTON_Hit)
C:\Users\obrun\Documents\MCUXpressoIDE_11.2.1_4149\SE1\SE2021\Debug\libSE2021.a(ui.o)
                              ./src/Car_Runner.o (UI_resetScreen)
C:\Users\obrun\Documents\MCUXpressoIDE_11.2.1_4149\SE1\SE2021\Debug\libSE2021.a(wait.o)
                              C:\Users\obrun\Documents\MCUXpressoIDE_11.2.1_4149\SE1\SE2021\Debug\libSE2021.a(ui.o) (WAIT_Milliseconds)
C:\Users\obrun\Documents\MCUXpressoIDE_11.2.1_4149\SE1\SE2021\Debug\libSE2021.a(adxl345.o)
                              C:\Users\obrun\Documents\MCUXpressoIDE_11.2.1_4149\SE1\SE2021\Debug\libSE2021.a(ui.o) (Adxl345_Init)
C:\Users\obrun\Documents\MCUXpressoIDE_11.2.1_4149\SE1\SE2021\Debug\libSE2021.a(flash.o)
                              C:\Users\obrun\Documents\MCUXpressoIDE_11.2.1_4149\SE1\SE2021\Debug\libSE2021.a(ui.o) (FLASH_EraseSectors)
C:\Users\obrun\Documents\MCUXpressoIDE_11.2.1_4149\SE1\SE2021\Debug\libSE2021.a(lcd.o)
                              C:\Users\obrun\Documents\MCUXpressoIDE_11.2.1_4149\SE1\SE2021\Debug\libSE2021.a(ui.o) (LCDText_Init)
C:\Users\obrun\Documents\MCUXpressoIDE_11.2.1_4149\SE1\SE2021\Debug\libSE2021.a(rtc.o)
                              C:\Users\obrun\Documents\MCUXpressoIDE_11.2.1_4149\SE1\SE2021\Debug\libSE2021.a(ui.o) (RTC_Init)
C:\Users\obrun\Documents\MCUXpressoIDE_11.2.1_4149\SE1\SE2021\Debug\libSE2021.a(spi.o)
                              C:\Users\obrun\Documents\MCUXpressoIDE_11.2.1_4149\SE1\SE2021\Debug\libSE2021.a(adxl345.o) (SPI_Init)
C:\Users\obrun\Documents\MCUXpressoIDE_11.2.1_4149\SE1\CMSIS_CORE_LPC17xx\Debug\libCMSIS_CORE_LPC17xx.a(system_LPC17xx.o)
                              C:\Users\obrun\Documents\MCUXpressoIDE_11.2.1_4149\SE1\SE2021\Debug\libSE2021.a(wait.o) (SystemCoreClockUpdate)
c:/nxp/mcuxpressoide_11.2.1_4149/ide/plugins/com.nxp.mcuxpresso.tools.win32_11.2.0.202008311134/tools/bin/../lib/gcc/arm-none-eabi/9.2.1/../../../../arm-none-eabi/lib/thumb/v7-m/nofp\libcr_nohost.a(_cr__main.o)
                              ./src/cr_startup_lpc175x_6x.o (__main)
c:/nxp/mcuxpressoide_11.2.1_4149/ide/plugins/com.nxp.mcuxpresso.tools.win32_11.2.0.202008311134/tools/bin/../lib/gcc/arm-none-eabi/9.2.1/../../../../arm-none-eabi/lib/thumb/v7-m/nofp\libcr_c.a(memmove.o)
                              C:\Users\obrun\Documents\MCUXpressoIDE_11.2.1_4149\SE1\SE2021\Debug\libSE2021.a(ui.o) (memmove)
c:/nxp/mcuxpressoide_11.2.1_4149/ide/plugins/com.nxp.mcuxpresso.tools.win32_11.2.0.202008311134/tools/bin/../lib/gcc/arm-none-eabi/9.2.1/../../../../arm-none-eabi/lib/thumb/v7-m/nofp\libcr_c.a(fpprintf.o)
                              C:\Users\obrun\Documents\MCUXpressoIDE_11.2.1_4149\SE1\SE2021\Debug\libSE2021.a(lcd.o) (vsprintf)
c:/nxp/mcuxpressoide_11.2.1_4149/ide/plugins/com.nxp.mcuxpresso.tools.win32_11.2.0.202008311134/tools/bin/../lib/gcc/arm-none-eabi/9.2.1/../../../../arm-none-eabi/lib/thumb/v7-m/nofp\libcr_c.a(initio.o)
                              c:/nxp/mcuxpressoide_11.2.1_4149/ide/plugins/com.nxp.mcuxpresso.tools.win32_11.2.0.202008311134/tools/bin/../lib/gcc/arm-none-eabi/9.2.1/../../../../arm-none-eabi/lib/thumb/v7-m/nofp\libcr_nohost.a(_cr__main.o) (_initio)
c:/nxp/mcuxpressoide_11.2.1_4149/ide/plugins/com.nxp.mcuxpresso.tools.win32_11.2.0.202008311134/tools/bin/../lib/gcc/arm-none-eabi/9.2.1/../../../../arm-none-eabi/lib/thumb/v7-m/nofp\libcr_c.a(printf.o)
                              c:/nxp/mcuxpressoide_11.2.1_4149/ide/plugins/com.nxp.mcuxpresso.tools.win32_11.2.0.202008311134/tools/bin/../lib/gcc/arm-none-eabi/9.2.1/../../../../arm-none-eabi/lib/thumb/v7-m/nofp\libcr_c.a(fpprintf.o) (__vfprintf)
c:/nxp/mcuxpressoide_11.2.1_4149/ide/plugins/com.nxp.mcuxpresso.tools.win32_11.2.0.202008311134/tools/bin/../lib/gcc/arm-none-eabi/9.2.1/../../../../arm-none-eabi/lib/thumb/v7-m/nofp\libcr_c.a(setvbuf.o)
                              c:/nxp/mcuxpressoide_11.2.1_4149/ide/plugins/com.nxp.mcuxpresso.tools.win32_11.2.0.202008311134/tools/bin/../lib/gcc/arm-none-eabi/9.2.1/../../../../arm-none-eabi/lib/thumb/v7-m/nofp\libcr_c.a(initio.o) (setvbuf)
c:/nxp/mcuxpressoide_11.2.1_4149/ide/plugins/com.nxp.mcuxpresso.tools.win32_11.2.0.202008311134/tools/bin/../lib/gcc/arm-none-eabi/9.2.1/../../../../arm-none-eabi/lib/thumb/v7-m/nofp\libcr_c.a(stdlib.o)
                              C:\Users\obrun\Documents\MCUXpressoIDE_11.2.1_4149\SE1\SE2021\Debug\libSE2021.a(ui.o) (rand)
c:/nxp/mcuxpressoide_11.2.1_4149/ide/plugins/com.nxp.mcuxpresso.tools.win32_11.2.0.202008311134/tools/bin/../lib/gcc/arm-none-eabi/9.2.1/../../../../arm-none-eabi/lib/thumb/v7-m/nofp\libcr_c.a(strcpy.o)
                              C:\Users\obrun\Documents\MCUXpressoIDE_11.2.1_4149\SE1\SE2021\Debug\libSE2021.a(ui.o) (strcpy)
[...]
Memory Configuration

Name             Origin             Length             Attributes
MFlash512        0x00000000         0x00080000         xr
RamLoc32         0x10000000         0x00008000         xrw
RamAHB32         0x2007c000         0x00008000         xrw
*default*        0x00000000         0xffffffff

Linker script and memory map

LOAD ./src/Car_Runner.o
LOAD ./src/cr_startup_lpc175x_6x.o
LOAD ./src/crp.o
LOAD C:\Users\obrun\Documents\MCUXpressoIDE_11.2.1_4149\SE1\SE2021\Debug\libSE2021.a
LOAD C:\Users\obrun\Documents\MCUXpressoIDE_11.2.1_4149\SE1\CMSIS_CORE_LPC17xx\Debug\libCMSIS_CORE_LPC17xx.a
START GROUP
LOAD c:/nxp/mcuxpressoide_11.2.1_4149/ide/plugins/com.nxp.mcuxpresso.tools.win32_11.2.0.202008311134/tools/bin/../lib/gcc/arm-none-eabi/9.2.1/../../../../arm-none-eabi/lib/thumb/v7-m/nofp\libcr_nohost.a
LOAD c:/nxp/mcuxpressoide_11.2.1_4149/ide/plugins/com.nxp.mcuxpresso.tools.win32_11.2.0.202008311134/tools/bin/../lib/gcc/arm-none-eabi/9.2.1/../../../../arm-none-eabi/lib/thumb/v7-m/nofp\libcr_c.a
LOAD c:/nxp/mcuxpressoide_11.2.1_4149/ide/plugins/com.nxp.mcuxpresso.tools.win32_11.2.0.202008311134/tools/bin/../lib/gcc/arm-none-eabi/9.2.1/thumb/v7-m/nofp\libcr_eabihelpers.a
LOAD c:/nxp/mcuxpressoide_11.2.1_4149/ide/plugins/com.nxp.mcuxpresso.tools.win32_11.2.0.202008311134/tools/bin/../lib/gcc/arm-none-eabi/9.2.1/thumb/v7-m/nofp\libgcc.a
END GROUP
                0x00000000                __base_MFlash512 = 0x0
                0x00000000                __base_Flash = 0x0
                0x00080000                __top_MFlash512 = 0x80000
                0x00080000                __top_Flash = 0x80000
                0x10000000                __base_RamLoc32 = 0x10000000
                0x10000000                __base_RAM = 0x10000000
                0x10008000                __top_RamLoc32 = 0x10008000
                0x10008000                __top_RAM = 0x10008000
                0x2007c000                __base_RamAHB32 = 0x2007c000
                0x2007c000                __base_RAM2 = 0x2007c000
                0x20084000                __top_RamAHB32 = 0x20084000
                0x20084000                __top_RAM2 = 0x20084000

.text           0x00000000     0x5184
 FILL mask 0xff
                0x00000000                __vectors_start__ = ABSOLUTE (.)
 *(.isr_vector)
 .isr_vector    0x00000000       0xcc ./src/cr_startup_lpc175x_6x.o
                0x00000000                g_pfnVectors
                0x000000cc                . = ALIGN (0x4)
                0x000000cc                __section_table_start = .
                0x000000cc                __data_section_table = .
                0x000000cc        0x4 LONG 0x5184 LOADADDR (.data)
                0x000000d0        0x4 LONG 0x10000000 ADDR (.data)
                0x000000d4        0x4 LONG 0x198 SIZEOF (.data)
                0x000000d8        0x4 LONG 0x5184 LOADADDR (.data_RAM2)
                0x000000dc        0x4 LONG 0x2007c000 ADDR (.data_RAM2)
                0x000000e0        0x4 LONG 0x0 SIZEOF (.data_RAM2)
                0x000000e4                __data_section_table_end = .
                0x000000e4                __bss_section_table = .
                0x000000e4        0x4 LONG 0x10000198 ADDR (.bss)
                0x000000e8        0x4 LONG 0x298 SIZEOF (.bss)
                0x000000ec        0x4 LONG 0x2007c000 ADDR (.bss_RAM2)
                0x000000f0        0x4 LONG 0x0 SIZEOF (.bss_RAM2)
                0x000000f4                __bss_section_table_end = .
                0x000000f4                __section_table_end = .
 *(.after_vectors*)
 .after_vectors
                0x000000f4      0x130 ./src/cr_startup_lpc175x_6x.o
                0x000000f4                data_init
                0x00000138                bss_init
                0x00000170                ResetISR
                0x000001e8                NMI_Handler
                0x000001ee                HardFault_Handler
                0x000001f4                MemManage_Handler
                0x000001fa                BusFault_Handler
                0x00000200                UsageFault_Handler
                0x00000206                SVC_Handler
                0x0000020c                DebugMon_Handler
                0x00000212                PendSV_Handler
                0x0000021e                UART1_IRQHandler
                0x0000021e                EINT3_IRQHandler
                0x0000021e                CANActivity_IRQHandler
                0x0000021e                TIMER3_IRQHandler
                0x0000021e                UART0_IRQHandler
                0x0000021e                USBActivity_IRQHandler
                0x0000021e                EINT2_IRQHandler
                0x0000021e                IntDefaultHandler
                0x0000021e                PLL0_IRQHandler
                0x0000021e                CAN_IRQHandler
                0x0000021e                I2C0_IRQHandler
                0x0000021e                SSP0_IRQHandler
                0x0000021e                I2C1_IRQHandler
                0x0000021e                I2C2_IRQHandler
                0x0000021e                RTC_IRQHandler
                0x0000021e                TIMER0_IRQHandler
                0x0000021e                SPI_IRQHandler
                0x0000021e                RIT_IRQHandler
                0x0000021e                EINT1_IRQHandler
                0x0000021e                TIMER1_IRQHandler
                0x0000021e                UART2_IRQHandler
                0x0000021e                ADC_IRQHandler
                0x0000021e                SSP1_IRQHandler
                0x0000021e                USB_IRQHandler
                0x0000021e                BOD_IRQHandler
                0x0000021e                PWM1_IRQHandler
                0x0000021e                WDT_IRQHandler
                0x0000021e                I2S_IRQHandler
                0x0000021e                QEI_IRQHandler
                0x0000021e                EINT0_IRQHandler
                0x0000021e                PLL1_IRQHandler
                0x0000021e                DMA_IRQHandler
                0x0000021e                TIMER2_IRQHandler
                0x0000021e                UART3_IRQHandler
                0x0000021e                MCPWM_IRQHandler
                0x0000021e                ENET_IRQHandler
                0x000002fc                . = 0x2fc
 *fill*         0x00000224       0xd8 ff
                0x000002fc                PROVIDE (__CRP_WORD_START__ = .)
 *(.crp)
 .crp           0x000002fc        0x4 ./src/crp.o
                0x000002fc                CRP_WORD
                0x00000300                PROVIDE (__CRP_WORD_END__ = .)
                0x00000001                ASSERT (! ((__CRP_WORD_START__ == __CRP_WORD_END__)), Linker CRP Enabled, but no CRP_WORD provided within application)
 *(.text*)
 .text.game     0x00000300       0x1c ./src/Car_Runner.o
                0x00000300                game
 .text.manut    0x0000031c       0x14 ./src/Car_Runner.o
                0x0000031c                manut
 .text.main     0x00000330       0x32 ./src/Car_Runner.o
                0x00000330                main
 *fill*         0x00000362        0x2 ff
 .text.BUTTON_Init
                0x00000364       0x38 C:\Users\obrun\Documents\MCUXpressoIDE_11.2.1_4149\SE1\SE2021\Debug\libSE2021.a(button.o)
                0x00000364                BUTTON_Init
 .text.BUTTON_Hit
                0x0000039c       0x5c C:\Users\obrun\Documents\MCUXpressoIDE_11.2.1_4149\SE1\SE2021\Debug\libSE2021.a(button.o)
                0x0000039c                BUTTON_Hit
 .text.BUTTON_GetButtonsEvents
                0x000003f8      0x128 C:\Users\obrun\Documents\MCUXpressoIDE_11.2.1_4149\SE1\SE2021\Debug\libSE2021.a(button.o)
                0x000003f8                BUTTON_GetButtonsEvents
 .text.decHour  0x00000520       0x2c C:\Users\obrun\Documents\MCUXpressoIDE_11.2.1_4149\SE1\SE2021\Debug\libSE2021.a(ui.o)
                0x00000520                decHour
 .text.decMin   0x0000054c       0x2c C:\Users\obrun\Documents\MCUXpressoIDE_11.2.1_4149\SE1\SE2021\Debug\libSE2021.a(ui.o)
                0x0000054c                decMin
 .text.decSec   0x00000578       0x2c C:\Users\obrun\Documents\MCUXpressoIDE_11.2.1_4149\SE1\SE2021\Debug\libSE2021.a(ui.o)
                0x00000578                decSec
 .text.decDay   0x000005a4       0xf0 C:\Users\obrun\Documents\MCUXpressoIDE_11.2.1_4149\SE1\SE2021\Debug\libSE2021.a(ui.o)
                0x000005a4                decDay
 .text.decMon   0x00000694       0x2c C:\Users\obrun\Documents\MCUXpressoIDE_11.2.1_4149\SE1\SE2021\Debug\libSE2021.a(ui.o)
                0x00000694                decMon
 .text.decYear  0x000006c0       0x2e C:\Users\obrun\Documents\MCUXpressoIDE_11.2.1_4149\SE1\SE2021\Debug\libSE2021.a(ui.o)
                0x000006c0                decYear
 .text.incHour  0x000006ee       0x2c C:\Users\obrun\Documents\MCUXpressoIDE_11.2.1_4149\SE1\SE2021\Debug\libSE2021.a(ui.o)
                0x000006ee                incHour
 .text.incMin   0x0000071a       0x2c C:\Users\obrun\Documents\MCUXpressoIDE_11.2.1_4149\SE1\SE2021\Debug\libSE2021.a(ui.o)
                0x0000071a                incMin
 .text.incSec   0x00000746       0x2c C:\Users\obrun\Documents\MCUXpressoIDE_11.2.1_4149\SE1\SE2021\Debug\libSE2021.a(ui.o)
                0x00000746                incSec
 *fill*         0x00000772        0x2 ff
 .text.incDay   0x00000774       0xf0 C:\Users\obrun\Documents\MCUXpressoIDE_11.2.1_4149\SE1\SE2021\Debug\libSE2021.a(ui.o)
                0x00000774                incDay
 .text.incMon   0x00000864       0x2c C:\Users\obrun\Documents\MCUXpressoIDE_11.2.1_4149\SE1\SE2021\Debug\libSE2021.a(ui.o)
                0x00000864                incMon
 .text.incYear  0x00000890       0x30 C:\Users\obrun\Documents\MCUXpressoIDE_11.2.1_4149\SE1\SE2021\Debug\libSE2021.a(ui.o)
                0x00000890                incYear
 .text.UI_resetScreen
                0x000008c0        0xc C:\Users\obrun\Documents\MCUXpressoIDE_11.2.1_4149\SE1\SE2021\Debug\libSE2021.a(ui.o)
                0x000008c0                UI_resetScreen
 .text.getTimeSinceClick
                0x000008cc       0x3c C:\Users\obrun\Documents\MCUXpressoIDE_11.2.1_4149\SE1\SE2021\Debug\libSE2021.a(ui.o)
 .text.containsSame
                0x00000908       0x40 C:\Users\obrun\Documents\MCUXpressoIDE_11.2.1_4149\SE1\SE2021\Debug\libSE2021.a(ui.o)
                0x00000908                containsSame
 .text.getRandomPositions
                0x00000948       0x94 C:\Users\obrun\Documents\MCUXpressoIDE_11.2.1_4149\SE1\SE2021\Debug\libSE2021.a(ui.o)
                0x00000948                getRandomPositions
 .text.setRandomPositions
                0x000009dc       0x18 C:\Users\obrun\Documents\MCUXpressoIDE_11.2.1_4149\SE1\SE2021\Debug\libSE2021.a(ui.o)
                0x000009dc                setRandomPositions
 .text.setTopObs
                0x000009f4       0x50 C:\Users\obrun\Documents\MCUXpressoIDE_11.2.1_4149\SE1\SE2021\Debug\libSE2021.a(ui.o)
                0x000009f4                setTopObs
 .text.copyIntArray
                0x00000a44       0x40 C:\Users\obrun\Documents\MCUXpressoIDE_11.2.1_4149\SE1\SE2021\Debug\libSE2021.a(ui.o)
                0x00000a44                copyIntArray
 .text.setBotObs
                0x00000a84       0x2c C:\Users\obrun\Documents\MCUXpressoIDE_11.2.1_4149\SE1\SE2021\Debug\libSE2021.a(ui.o)
                0x00000a84                setBotObs
 .text.showObstacles
                0x00000ab0       0x2c C:\Users\obrun\Documents\MCUXpressoIDE_11.2.1_4149\SE1\SE2021\Debug\libSE2021.a(ui.o)
                0x00000ab0                showObstacles
 .text.printTime
                0x00000adc       0xfc C:\Users\obrun\Documents\MCUXpressoIDE_11.2.1_4149\SE1\SE2021\Debug\libSE2021.a(ui.o)
                0x00000adc                printTime
 .text.UI_setObstacles
                0x00000bd8       0x24 C:\Users\obrun\Documents\MCUXpressoIDE_11.2.1_4149\SE1\SE2021\Debug\libSE2021.a(ui.o)
                0x00000bd8                UI_setObstacles
 .text.UI_evalTimeOfObstacles
                0x00000bfc       0x3c C:\Users\obrun\Documents\MCUXpressoIDE_11.2.1_4149\SE1\SE2021\Debug\libSE2021.a(ui.o)
                0x00000bfc                UI_evalTimeOfObstacles
 .text.evalTimeToFlip
                0x00000c38       0x3c C:\Users\obrun\Documents\MCUXpressoIDE_11.2.1_4149\SE1\SE2021\Debug\libSE2021.a(ui.o)
                0x00000c38                evalTimeToFlip
 .text.UI_showTime
                0x00000c74       0x26 C:\Users\obrun\Documents\MCUXpressoIDE_11.2.1_4149\SE1\SE2021\Debug\libSE2021.a(ui.o)
                0x00000c74                UI_showTime
 *fill*         0x00000c9a        0x2 ff
 .text.writePlayers
                0x00000c9c       0xa4 C:\Users\obrun\Documents\MCUXpressoIDE_11.2.1_4149\SE1\SE2021\Debug\libSE2021.a(ui.o)
                0x00000c9c                writePlayers
 .text.UI_showBestPlayer
                0x00000d40       0x10 C:\Users\obrun\Documents\MCUXpressoIDE_11.2.1_4149\SE1\SE2021\Debug\libSE2021.a(ui.o)
                0x00000d40                UI_showBestPlayer
 .text.UI_showMenus
                0x00000d50       0x40 C:\Users\obrun\Documents\MCUXpressoIDE_11.2.1_4149\SE1\SE2021\Debug\libSE2021.a(ui.o)
                0x00000d50                UI_showMenus
 .text.UI_resetObstacles
                0x00000d90       0x48 C:\Users\obrun\Documents\MCUXpressoIDE_11.2.1_4149\SE1\SE2021\Debug\libSE2021.a(ui.o)
                0x00000d90                UI_resetObstacles
 .text.UI_shouldEnterManut
                0x00000dd8       0x38 C:\Users\obrun\Documents\MCUXpressoIDE_11.2.1_4149\SE1\SE2021\Debug\libSE2021.a(ui.o)
                0x00000dd8                UI_shouldEnterManut
 .text.UI_createCar
                0x00000e10       0x28 C:\Users\obrun\Documents\MCUXpressoIDE_11.2.1_4149\SE1\SE2021\Debug\libSE2021.a(ui.o)
                0x00000e10                UI_createCar
 .text.getXStateRight
                0x00000e38       0x54 C:\Users\obrun\Documents\MCUXpressoIDE_11.2.1_4149\SE1\SE2021\Debug\libSE2021.a(ui.o)
                0x00000e38                getXStateRight
 .text.getXStateLeft
                0x00000e8c       0x50 C:\Users\obrun\Documents\MCUXpressoIDE_11.2.1_4149\SE1\SE2021\Debug\libSE2021.a(ui.o)
                0x00000e8c                getXStateLeft
 .text.UI_moveCar
                0x00000edc       0xf0 C:\Users\obrun\Documents\MCUXpressoIDE_11.2.1_4149\SE1\SE2021\Debug\libSE2021.a(ui.o)
                0x00000edc                UI_moveCar
 .text.UI_erasePlayers
                0x00000fcc       0x78 C:\Users\obrun\Documents\MCUXpressoIDE_11.2.1_4149\SE1\SE2021\Debug\libSE2021.a(ui.o)
                0x00000fcc                UI_erasePlayers
 .text.writeManutMenu
                0x00001044       0x38 C:\Users\obrun\Documents\MCUXpressoIDE_11.2.1_4149\SE1\SE2021\Debug\libSE2021.a(ui.o)
                0x00001044                writeManutMenu
 .text.UI_updateCalendar
                0x0000107c      0x1fc C:\Users\obrun\Documents\MCUXpressoIDE_11.2.1_4149\SE1\SE2021\Debug\libSE2021.a(ui.o)
                0x0000107c                UI_updateCalendar
 .text.UI_manutMode
                0x00001278      0x1f0 C:\Users\obrun\Documents\MCUXpressoIDE_11.2.1_4149\SE1\SE2021\Debug\libSE2021.a(ui.o)
                0x00001278                UI_manutMode
 .text.UI_waitForNoInput
                0x00001468       0x16 C:\Users\obrun\Documents\MCUXpressoIDE_11.2.1_4149\SE1\SE2021\Debug\libSE2021.a(ui.o)
                0x00001468                UI_waitForNoInput
 *fill*         0x0000147e        0x2 ff
 .text.setHighScore
                0x00001480      0x180 C:\Users\obrun\Documents\MCUXpressoIDE_11.2.1_4149\SE1\SE2021\Debug\libSE2021.a(ui.o)
                0x00001480                setHighScore
 .text.evalScore
                0x00001600       0x78 C:\Users\obrun\Documents\MCUXpressoIDE_11.2.1_4149\SE1\SE2021\Debug\libSE2021.a(ui.o)
                0x00001600                evalScore
 .text.showScore
                0x00001678       0x50 C:\Users\obrun\Documents\MCUXpressoIDE_11.2.1_4149\SE1\SE2021\Debug\libSE2021.a(ui.o)
                0x00001678                showScore
 .text.evalLoss
                0x000016c8       0x28 C:\Users\obrun\Documents\MCUXpressoIDE_11.2.1_4149\SE1\SE2021\Debug\libSE2021.a(ui.o)
                0x000016c8                evalLoss
 .text.UI_gameMode
                0x000016f0       0x7c C:\Users\obrun\Documents\MCUXpressoIDE_11.2.1_4149\SE1\SE2021\Debug\libSE2021.a(ui.o)
                0x000016f0                UI_gameMode
 .text.UI_init  0x0000176c       0x2c C:\Users\obrun\Documents\MCUXpressoIDE_11.2.1_4149\SE1\SE2021\Debug\libSE2021.a(ui.o)
                0x0000176c                UI_init
 .text.NVIC_SetPriority
                0x00001798       0x54 C:\Users\obrun\Documents\MCUXpressoIDE_11.2.1_4149\SE1\SE2021\Debug\libSE2021.a(wait.o)
 .text.SysTick_Config
                0x000017ec       0x44 C:\Users\obrun\Documents\MCUXpressoIDE_11.2.1_4149\SE1\SE2021\Debug\libSE2021.a(wait.o)
 .text.SysTick_Handler
                0x00001830       0x1c C:\Users\obrun\Documents\MCUXpressoIDE_11.2.1_4149\SE1\SE2021\Debug\libSE2021.a(wait.o)
                0x00001830                SysTick_Handler
 .text.WAIT_Milliseconds
                0x0000184c       0x34 C:\Users\obrun\Documents\MCUXpressoIDE_11.2.1_4149\SE1\SE2021\Debug\libSE2021.a(wait.o)
                0x0000184c                WAIT_Milliseconds
 .text.WAIT_Init
                0x00001880       0x74 C:\Users\obrun\Documents\MCUXpressoIDE_11.2.1_4149\SE1\SE2021\Debug\libSE2021.a(wait.o)
                0x00001880                WAIT_Init
 .text.WAIT_GetElapsedMillis
                0x000018f4       0x20 C:\Users\obrun\Documents\MCUXpressoIDE_11.2.1_4149\SE1\SE2021\Debug\libSE2021.a(wait.o)
                0x000018f4                WAIT_GetElapsedMillis
 .text.WAIT_ChronoUs
                0x00001914       0x42 C:\Users\obrun\Documents\MCUXpressoIDE_11.2.1_4149\SE1\SE2021\Debug\libSE2021.a(wait.o)
                0x00001914                WAIT_ChronoUs
 *fill*         0x00001956        0x2 ff
 .text.activeCs
                0x00001958       0x18 C:\Users\obrun\Documents\MCUXpressoIDE_11.2.1_4149\SE1\SE2021\Debug\libSE2021.a(adxl345.o)
                0x00001958                activeCs
 .text.inactiveCs
                0x00001970       0x18 C:\Users\obrun\Documents\MCUXpressoIDE_11.2.1_4149\SE1\SE2021\Debug\libSE2021.a(adxl345.o)
                0x00001970                inactiveCs
 .text.setCs    0x00001988       0x40 C:\Users\obrun\Documents\MCUXpressoIDE_11.2.1_4149\SE1\SE2021\Debug\libSE2021.a(adxl345.o)
                0x00001988                setCs
 .text.AC_GetDeviceId
                0x000019c8       0x34 C:\Users\obrun\Documents\MCUXpressoIDE_11.2.1_4149\SE1\SE2021\Debug\libSE2021.a(adxl345.o)
                0x000019c8                AC_GetDeviceId
 .text.config_bw_rate
                0x000019fc       0x22 C:\Users\obrun\Documents\MCUXpressoIDE_11.2.1_4149\SE1\SE2021\Debug\libSE2021.a(adxl345.o)
                0x000019fc                config_bw_rate
 .text.config_data_format
                0x00001a1e       0x22 C:\Users\obrun\Documents\MCUXpressoIDE_11.2.1_4149\SE1\SE2021\Debug\libSE2021.a(adxl345.o)
                0x00001a1e                config_data_format
 .text.config_power_ctl
                0x00001a40       0x22 C:\Users\obrun\Documents\MCUXpressoIDE_11.2.1_4149\SE1\SE2021\Debug\libSE2021.a(adxl345.o)
                0x00001a40                config_power_ctl
 *fill*         0x00001a62        0x2 ff
 .text.Adxl345_Init
                0x00001a64       0x4c C:\Users\obrun\Documents\MCUXpressoIDE_11.2.1_4149\SE1\SE2021\Debug\libSE2021.a(adxl345.o)
                0x00001a64                Adxl345_Init
 .text.Adxl345_GetX
                0x00001ab0       0x58 C:\Users\obrun\Documents\MCUXpressoIDE_11.2.1_4149\SE1\SE2021\Debug\libSE2021.a(adxl345.o)
                0x00001ab0                Adxl345_GetX
 .text.prepare_wr
                0x00001b08       0x40 C:\Users\obrun\Documents\MCUXpressoIDE_11.2.1_4149\SE1\SE2021\Debug\libSE2021.a(flash.o)
                0x00001b08                prepare_wr
 .text.FLASH_EraseSectors
                0x00001b48       0x6c C:\Users\obrun\Documents\MCUXpressoIDE_11.2.1_4149\SE1\SE2021\Debug\libSE2021.a(flash.o)
                0x00001b48                FLASH_EraseSectors
 .text.FLASH_WriteData
                0x00001bb4       0xa8 C:\Users\obrun\Documents\MCUXpressoIDE_11.2.1_4149\SE1\SE2021\Debug\libSE2021.a(flash.o)
                0x00001bb4                FLASH_WriteData
 .text.write_5bit
                0x00001c5c       0x54 C:\Users\obrun\Documents\MCUXpressoIDE_11.2.1_4149\SE1\SE2021\Debug\libSE2021.a(lcd.o)
 .text.write_9bit
                0x00001cb0       0x44 C:\Users\obrun\Documents\MCUXpressoIDE_11.2.1_4149\SE1\SE2021\Debug\libSE2021.a(lcd.o)
 .text.write_Cmd
                0x00001cf4       0x1c C:\Users\obrun\Documents\MCUXpressoIDE_11.2.1_4149\SE1\SE2021\Debug\libSE2021.a(lcd.o)
 .text.write_Data
                0x00001d10       0x1c C:\Users\obrun\Documents\MCUXpressoIDE_11.2.1_4149\SE1\SE2021\Debug\libSE2021.a(lcd.o)
 .text.LCDText_Init
                0x00001d2c       0xac C:\Users\obrun\Documents\MCUXpressoIDE_11.2.1_4149\SE1\SE2021\Debug\libSE2021.a(lcd.o)
                0x00001d2c                LCDText_Init
 .text.LCDText_Locate
                0x00001dd8       0x60 C:\Users\obrun\Documents\MCUXpressoIDE_11.2.1_4149\SE1\SE2021\Debug\libSE2021.a(lcd.o)
                0x00001dd8                LCDText_Locate
 .text.incrementColumn
                0x00001e38       0x6c C:\Users\obrun\Documents\MCUXpressoIDE_11.2.1_4149\SE1\SE2021\Debug\libSE2021.a(lcd.o)
                0x00001e38                incrementColumn
 .text.LCDText_WriteChar
                0x00001ea4       0x26 C:\Users\obrun\Documents\MCUXpressoIDE_11.2.1_4149\SE1\SE2021\Debug\libSE2021.a(lcd.o)
                0x00001ea4                LCDText_WriteChar
 .text.LCDText_WriteString
                0x00001eca       0x3a C:\Users\obrun\Documents\MCUXpressoIDE_11.2.1_4149\SE1\SE2021\Debug\libSE2021.a(lcd.o)
                0x00001eca                LCDText_WriteString
 .text.LCDText_Clear
                0x00001f04       0x24 C:\Users\obrun\Documents\MCUXpressoIDE_11.2.1_4149\SE1\SE2021\Debug\libSE2021.a(lcd.o)
                0x00001f04                LCDText_Clear
 .text.LCDText_CreateChar
                0x00001f28       0x60 C:\Users\obrun\Documents\MCUXpressoIDE_11.2.1_4149\SE1\SE2021\Debug\libSE2021.a(lcd.o)
                0x00001f28                LCDText_CreateChar
 .text.LCDText_Printf
                0x00001f88       0x3a C:\Users\obrun\Documents\MCUXpressoIDE_11.2.1_4149\SE1\SE2021\Debug\libSE2021.a(lcd.o)
                0x00001f88                LCDText_Printf
 *fill*         0x00001fc2        0x2 ff
 .text.RTC_SetSeconds
                0x00001fc4       0x90 C:\Users\obrun\Documents\MCUXpressoIDE_11.2.1_4149\SE1\SE2021\Debug\libSE2021.a(rtc.o)
                0x00001fc4                RTC_SetSeconds
 .text.RTC_Init
                0x00002054       0x2c C:\Users\obrun\Documents\MCUXpressoIDE_11.2.1_4149\SE1\SE2021\Debug\libSE2021.a(rtc.o)
                0x00002054                RTC_Init
 .text.RTC_GetValue
                0x00002080       0x98 C:\Users\obrun\Documents\MCUXpressoIDE_11.2.1_4149\SE1\SE2021\Debug\libSE2021.a(rtc.o)
                0x00002080                RTC_GetValue
 .text.RTC_SetValue
                0x00002118       0x98 C:\Users\obrun\Documents\MCUXpressoIDE_11.2.1_4149\SE1\SE2021\Debug\libSE2021.a(rtc.o)
                0x00002118                RTC_SetValue
 .text.SPI_Init
                0x000021b0       0x7c C:\Users\obrun\Documents\MCUXpressoIDE_11.2.1_4149\SE1\SE2021\Debug\libSE2021.a(spi.o)
                0x000021b0                SPI_Init
 .text.SPI_ConfigTransfer
                0x0000222c       0xc0 C:\Users\obrun\Documents\MCUXpressoIDE_11.2.1_4149\SE1\SE2021\Debug\libSE2021.a(spi.o)
                0x0000222c                SPI_ConfigTransfer
 .text.SPI_Transfer
                0x000022ec       0x8c C:\Users\obrun\Documents\MCUXpressoIDE_11.2.1_4149\SE1\SE2021\Debug\libSE2021.a(spi.o)
                0x000022ec                SPI_Transfer
 .text.SystemCoreClockUpdate
                0x00002378       0xb8 C:\Users\obrun\Documents\MCUXpressoIDE_11.2.1_4149\SE1\CMSIS_CORE_LPC17xx\Debug\libCMSIS_CORE_LPC17xx.a(system_LPC17xx.o)
                0x00002378                SystemCoreClockUpdate
 .text.SystemInit
                0x00002430       0xdc C:\Users\obrun\Documents\MCUXpressoIDE_11.2.1_4149\SE1\CMSIS_CORE_LPC17xx\Debug\libCMSIS_CORE_LPC17xx.a(system_LPC17xx.o)
                0x00002430                SystemInit
 .text.__main   0x0000250c        0xe c:/nxp/mcuxpressoide_11.2.1_4149/ide/plugins/com.nxp.mcuxpresso.tools.win32_11.2.0.202008311134/tools/bin/../lib/gcc/arm-none-eabi/9.2.1/../../../../arm-none-eabi/lib/thumb/v7-m/nofp\libcr_nohost.a(_cr__main.o)
                0x0000250c                __main
 .text.memmove  0x0000251a        0x4 c:/nxp/mcuxpressoide_11.2.1_4149/ide/plugins/com.nxp.mcuxpresso.tools.win32_11.2.0.202008311134/tools/bin/../lib/gcc/arm-none-eabi/9.2.1/../../../../arm-none-eabi/lib/thumb/v7-m/nofp\libcr_c.a(memmove.o)
                0x0000251a                memmove
 .text.fp_round
                0x0000251e       0x4c c:/nxp/mcuxpressoide_11.2.1_4149/ide/plugins/com.nxp.mcuxpresso.tools.win32_11.2.0.202008311134/tools/bin/../lib/gcc/arm-none-eabi/9.2.1/../../../../arm-none-eabi/lib/thumb/v7-m/nofp\libcr_c.a(fpprintf.o)
 .text.pr_dec.constprop.0
                0x0000256a       0x26 c:/nxp/mcuxpressoide_11.2.1_4149/ide/plugins/com.nxp.mcuxpresso.tools.win32_11.2.0.202008311134/tools/bin/../lib/gcc/arm-none-eabi/9.2.1/../../../../arm-none-eabi/lib/thumb/v7-m/nofp\libcr_c.a(fpprintf.o)
 .text.sprintf  0x00002590       0x6c c:/nxp/mcuxpressoide_11.2.1_4149/ide/plugins/com.nxp.mcuxpresso.tools.win32_11.2.0.202008311134/tools/bin/../lib/gcc/arm-none-eabi/9.2.1/../../../../arm-none-eabi/lib/thumb/v7-m/nofp\libcr_c.a(fpprintf.o)
                0x00002590                sprintf
 *fill*         0x000025fc        0x4 ff
 .text.fp_display
                0x00002600      0x950 c:/nxp/mcuxpressoide_11.2.1_4149/ide/plugins/com.nxp.mcuxpresso.tools.win32_11.2.0.202008311134/tools/bin/../lib/gcc/arm-none-eabi/9.2.1/../../../../arm-none-eabi/lib/thumb/v7-m/nofp\libcr_c.a(fpprintf.o)
 .text.vsprintf
                0x00002f50       0x5c c:/nxp/mcuxpressoide_11.2.1_4149/ide/plugins/com.nxp.mcuxpresso.tools.win32_11.2.0.202008311134/tools/bin/../lib/gcc/arm-none-eabi/9.2.1/../../../../arm-none-eabi/lib/thumb/v7-m/nofp\libcr_c.a(fpprintf.o)
                0x00002f50                vsprintf
 .text._initio  0x00002fac       0x78 c:/nxp/mcuxpressoide_11.2.1_4149/ide/plugins/com.nxp.mcuxpresso.tools.win32_11.2.0.202008311134/tools/bin/../lib/gcc/arm-none-eabi/9.2.1/../../../../arm-none-eabi/lib/thumb/v7-m/nofp\libcr_c.a(initio.o)
                0x00002fac                _initio
 .text.__vfprintf
                0x00003024      0xce0 c:/nxp/mcuxpressoide_11.2.1_4149/ide/plugins/com.nxp.mcuxpresso.tools.win32_11.2.0.202008311134/tools/bin/../lib/gcc/arm-none-eabi/9.2.1/../../../../arm-none-eabi/lib/thumb/v7-m/nofp\libcr_c.a(printf.o)
                0x00003024                __vfprintf
 .text.setvbuf  0x00003d04       0x3e c:/nxp/mcuxpressoide_11.2.1_4149/ide/plugins/com.nxp.mcuxpresso.tools.win32_11.2.0.202008311134/tools/bin/../lib/gcc/arm-none-eabi/9.2.1/../../../../arm-none-eabi/lib/thumb/v7-m/nofp\libcr_c.a(setvbuf.o)
                0x00003d04                setvbuf
 *fill*         0x00003d42        0x2 ff
 .text.rand     0x00003d44       0x48 c:/nxp/mcuxpressoide_11.2.1_4149/ide/plugins/com.nxp.mcuxpresso.tools.win32_11.2.0.202008311134/tools/bin/../lib/gcc/arm-none-eabi/9.2.1/../../../../arm-none-eabi/lib/thumb/v7-m/nofp\libcr_c.a(stdlib.o)
                0x00003d44                rand
 .text.srand    0x00003d8c       0x40 c:/nxp/mcuxpressoide_11.2.1_4149/ide/plugins/com.nxp.mcuxpresso.tools.win32_11.2.0.202008311134/tools/bin/../lib/gcc/arm-none-eabi/9.2.1/../../../../arm-none-eabi/lib/thumb/v7-m/nofp\libcr_c.a(stdlib.o)
                0x00003d8c                srand
 .text.strcpy   0x00003dcc       0x42 c:/nxp/mcuxpressoide_11.2.1_4149/ide/plugins/com.nxp.mcuxpresso.tools.win32_11.2.0.202008311134/tools/bin/../lib/gcc/arm-none-eabi/9.2.1/../../../../arm-none-eabi/lib/thumb/v7-m/nofp\libcr_c.a(strcpy.o)
                0x00003dcc                strcpy
 .text.strlen   0x00003e0e       0x4c c:/nxp/mcuxpressoide_11.2.1_4149/ide/plugins/com.nxp.mcuxpresso.tools.win32_11.2.0.202008311134/tools/bin/../lib/gcc/arm-none-eabi/9.2.1/../../../../arm-none-eabi/lib/thumb/v7-m/nofp\libcr_c.a(strlen.o)
                0x00003e0e                strlen
 .text.strncpy  0x00003e5a       0x58 c:/nxp/mcuxpressoide_11.2.1_4149/ide/plugins/com.nxp.mcuxpresso.tools.win32_11.2.0.202008311134/tools/bin/../lib/gcc/arm-none-eabi/9.2.1/../../../../arm-none-eabi/lib/thumb/v7-m/nofp\libcr_c.a(strncpy.o)
                0x00003e5a                strncpy
 *fill*         0x00003eb2        0x2 ff
 .text.localtime
                0x00003eb4       0xac c:/nxp/mcuxpressoide_11.2.1_4149/ide/plugins/com.nxp.mcuxpresso.tools.win32_11.2.0.202008311134/tools/bin/../lib/gcc/arm-none-eabi/9.2.1/../../../../arm-none-eabi/lib/thumb/v7-m/nofp\libcr_c.a(time.o)
                0x00003eb4                localtime
 .text.memset   0x00003f60        0x4 c:/nxp/mcuxpressoide_11.2.1_4149/ide/plugins/com.nxp.mcuxpresso.tools.win32_11.2.0.202008311134/tools/bin/../lib/gcc/arm-none-eabi/9.2.1/../../../../arm-none-eabi/lib/thumb/v7-m/nofp\libcr_c.a(memset.o)
                0x00003f60                memset
 .text._deferredlazyseek
                0x00003f64       0x40 c:/nxp/mcuxpressoide_11.2.1_4149/ide/plugins/com.nxp.mcuxpresso.tools.win32_11.2.0.202008311134/tools/bin/../lib/gcc/arm-none-eabi/9.2.1/../../../../arm-none-eabi/lib/thumb/v7-m/nofp\libcr_c.a(_deferredlazyseek.o)
                0x00003f64                _deferredlazyseek
 .text.__flsbuf
                0x00003fa4      0x140 c:/nxp/mcuxpressoide_11.2.1_4149/ide/plugins/com.nxp.mcuxpresso.tools.win32_11.2.0.202008311134/tools/bin/../lib/gcc/arm-none-eabi/9.2.1/../../../../arm-none-eabi/lib/thumb/v7-m/nofp\libcr_c.a(_deferredlazyseek.o)
                0x00003fa4                __flsbuf
 .text._fdopen  0x000040e4       0x68 c:/nxp/mcuxpressoide_11.2.1_4149/ide/plugins/com.nxp.mcuxpresso.tools.win32_11.2.0.202008311134/tools/bin/../lib/gcc/arm-none-eabi/9.2.1/../../../../arm-none-eabi/lib/thumb/v7-m/nofp\libcr_c.a(_fdopen.o)
                0x000040e4                _fdopen
 .text._fflush  0x0000414c       0x52 c:/nxp/mcuxpressoide_11.2.1_4149/ide/plugins/com.nxp.mcuxpresso.tools.win32_11.2.0.202008311134/tools/bin/../lib/gcc/arm-none-eabi/9.2.1/../../../../arm-none-eabi/lib/thumb/v7-m/nofp\libcr_c.a(_fflush.o)
                0x0000414c                _fflush
 .text._frexpl  0x0000419e       0x56 c:/nxp/mcuxpressoide_11.2.1_4149/ide/plugins/com.nxp.mcuxpresso.tools.win32_11.2.0.202008311134/tools/bin/../lib/gcc/arm-none-eabi/9.2.1/../../../../arm-none-eabi/lib/thumb/v7-m/nofp\libcr_c.a(_frexpl.o)
                0x0000419e                _frexpl
 .text._ldexpl  0x000041f4       0x48 c:/nxp/mcuxpressoide_11.2.1_4149/ide/plugins/com.nxp.mcuxpresso.tools.win32_11.2.0.202008311134/tools/bin/../lib/gcc/arm-none-eabi/9.2.1/../../../../arm-none-eabi/lib/thumb/v7-m/nofp\libcr_c.a(_ldexpl.o)
                0x000041f4                _ldexpl
 .text._Cwritebuf
                0x0000423c       0x6c c:/nxp/mcuxpressoide_11.2.1_4149/ide/plugins/com.nxp.mcuxpresso.tools.win32_11.2.0.202008311134/tools/bin/../lib/gcc/arm-none-eabi/9.2.1/../../../../arm-none-eabi/lib/thumb/v7-m/nofp\libcr_c.a(_writebuf.o)
                0x0000423c                _Cwritebuf
 .text.malloc   0x000042a8       0xc8 c:/nxp/mcuxpressoide_11.2.1_4149/ide/plugins/com.nxp.mcuxpresso.tools.win32_11.2.0.202008311134/tools/bin/../lib/gcc/arm-none-eabi/9.2.1/../../../../arm-none-eabi/lib/thumb/v7-m/nofp\libcr_c.a(alloc.o)
                0x000042a8                malloc
 .text.free     0x00004370       0x30 c:/nxp/mcuxpressoide_11.2.1_4149/ide/plugins/com.nxp.mcuxpresso.tools.win32_11.2.0.202008311134/tools/bin/../lib/gcc/arm-none-eabi/9.2.1/../../../../arm-none-eabi/lib/thumb/v7-m/nofp\libcr_c.a(alloc.o)
                0x00004370                free
 .text._Csys_alloc
                0x000043a0       0x20 c:/nxp/mcuxpressoide_11.2.1_4149/ide/plugins/com.nxp.mcuxpresso.tools.win32_11.2.0.202008311134/tools/bin/../lib/gcc/arm-none-eabi/9.2.1/../../../../arm-none-eabi/lib/thumb/v7-m/nofp\libcr_c.a(alloc.o)
                0x000043a0                _Csys_alloc
 .text.fclose   0x000043c0       0x58 c:/nxp/mcuxpressoide_11.2.1_4149/ide/plugins/com.nxp.mcuxpresso.tools.win32_11.2.0.202008311134/tools/bin/../lib/gcc/arm-none-eabi/9.2.1/../../../../arm-none-eabi/lib/thumb/v7-m/nofp\libcr_c.a(fclose.o)
                0x000043c0                fclose
 .text.fflush   0x00004418       0x44 c:/nxp/mcuxpressoide_11.2.1_4149/ide/plugins/com.nxp.mcuxpresso.tools.win32_11.2.0.202008311134/tools/bin/../lib/gcc/arm-none-eabi/9.2.1/../../../../arm-none-eabi/lib/thumb/v7-m/nofp\libcr_c.a(fflush.o)
                0x00004418                fflush
 .text.fseek    0x0000445c      0x100 c:/nxp/mcuxpressoide_11.2.1_4149/ide/plugins/com.nxp.mcuxpresso.tools.win32_11.2.0.202008311134/tools/bin/../lib/gcc/arm-none-eabi/9.2.1/../../../../arm-none-eabi/lib/thumb/v7-m/nofp\libcr_c.a(fseek.o)
                0x0000445c                fseek
 .text.ftell    0x0000455c       0x44 c:/nxp/mcuxpressoide_11.2.1_4149/ide/plugins/com.nxp.mcuxpresso.tools.win32_11.2.0.202008311134/tools/bin/../lib/gcc/arm-none-eabi/9.2.1/../../../../arm-none-eabi/lib/thumb/v7-m/nofp\libcr_c.a(ftell.o)
                0x0000455c                ftell
 .text.remove   0x000045a0       0x14 c:/nxp/mcuxpressoide_11.2.1_4149/ide/plugins/com.nxp.mcuxpresso.tools.win32_11.2.0.202008311134/tools/bin/../lib/gcc/arm-none-eabi/9.2.1/../../../../arm-none-eabi/lib/thumb/v7-m/nofp\libcr_c.a(remove.o)
                0x000045a0                remove
 .text._sbrk    0x000045b4       0x3c c:/nxp/mcuxpressoide_11.2.1_4149/ide/plugins/com.nxp.mcuxpresso.tools.win32_11.2.0.202008311134/tools/bin/../lib/gcc/arm-none-eabi/9.2.1/../../../../arm-none-eabi/lib/thumb/v7-m/nofp\libcr_c.a(_cr_sbrk.o)
                0x000045b4                _sbrk
 .text._do_fflush
                0x000045f0       0x40 c:/nxp/mcuxpressoide_11.2.1_4149/ide/plugins/com.nxp.mcuxpresso.tools.win32_11.2.0.202008311134/tools/bin/../lib/gcc/arm-none-eabi/9.2.1/../../../../arm-none-eabi/lib/thumb/v7-m/nofp\libcr_c.a(_do_fflush.o)
                0x000045f0                _do_fflush
 .text.__check_heap_overflow
                0x00004630       0x14 c:/nxp/mcuxpressoide_11.2.1_4149/ide/plugins/com.nxp.mcuxpresso.tools.win32_11.2.0.202008311134/tools/bin/../lib/gcc/arm-none-eabi/9.2.1/../../../../arm-none-eabi/lib/thumb/v7-m/nofp\libcr_c.a(_cr_check_heap.o)
                0x00004630                __check_heap_overflow
 .text.__aeabi_division_uldivmod
                0x00004644      0x174 c:/nxp/mcuxpressoide_11.2.1_4149/ide/plugins/com.nxp.mcuxpresso.tools.win32_11.2.0.202008311134/tools/bin/../lib/gcc/arm-none-eabi/9.2.1/thumb/v7-m/nofp\libcr_eabihelpers.a(division_64.o)
                0x00004644                __aeabi_uldivmod
                0x00004648                __bhs_ldivmod1
 .text.__aeabi_division_idiv0
                0x000047b8        0x2 c:/nxp/mcuxpressoide_11.2.1_4149/ide/plugins/com.nxp.mcuxpresso.tools.win32_11.2.0.202008311134/tools/bin/../lib/gcc/arm-none-eabi/9.2.1/thumb/v7-m/nofp\libcr_eabihelpers.a(division_idiv0.o)
                0x000047b8                __aeabi_idiv0
 *fill*         0x000047ba        0x2 ff
 .text.__aeabi_dmul
                0x000047bc      0x114 c:/nxp/mcuxpressoide_11.2.1_4149/ide/plugins/com.nxp.mcuxpresso.tools.win32_11.2.0.202008311134/tools/bin/../lib/gcc/arm-none-eabi/9.2.1/thumb/v7-m/nofp\libcr_eabihelpers.a(double.o)
                0x000047bc                __aeabi_dmul
 .text.__aeabi_ddiv
                0x000048d0      0x144 c:/nxp/mcuxpressoide_11.2.1_4149/ide/plugins/com.nxp.mcuxpresso.tools.win32_11.2.0.202008311134/tools/bin/../lib/gcc/arm-none-eabi/9.2.1/thumb/v7-m/nofp\libcr_eabihelpers.a(double.o)
                0x000048d0                __aeabi_ddiv
 .text.__aeabi_dsub
                0x00004a14      0x1a8 c:/nxp/mcuxpressoide_11.2.1_4149/ide/plugins/com.nxp.mcuxpresso.tools.win32_11.2.0.202008311134/tools/bin/../lib/gcc/arm-none-eabi/9.2.1/thumb/v7-m/nofp\libcr_eabihelpers.a(double.o)
                0x00004a14                __aeabi_dsub
 .text.__aeabi_dadd
                0x00004bbc      0x110 c:/nxp/mcuxpressoide_11.2.1_4149/ide/plugins/com.nxp.mcuxpresso.tools.win32_11.2.0.202008311134/tools/bin/../lib/gcc/arm-none-eabi/9.2.1/thumb/v7-m/nofp\libcr_eabihelpers.a(double.o)
                0x00004bbc                __aeabi_dadd
 .text.__aeabi_d2iz
                0x00004ccc       0x42 c:/nxp/mcuxpressoide_11.2.1_4149/ide/plugins/com.nxp.mcuxpresso.tools.win32_11.2.0.202008311134/tools/bin/../lib/gcc/arm-none-eabi/9.2.1/thumb/v7-m/nofp\libcr_eabihelpers.a(double.o)
                0x00004ccc                __aeabi_d2iz
 .text.__bhs_ui2d
                0x00004d0e       0x46 c:/nxp/mcuxpressoide_11.2.1_4149/ide/plugins/com.nxp.mcuxpresso.tools.win32_11.2.0.202008311134/tools/bin/../lib/gcc/arm-none-eabi/9.2.1/thumb/v7-m/nofp\libcr_eabihelpers.a(double.o)
                0x00004d0e                __bhs_ui2d
 .text.__aeabi_i2d
                0x00004d54       0x12 c:/nxp/mcuxpressoide_11.2.1_4149/ide/plugins/com.nxp.mcuxpresso.tools.win32_11.2.0.202008311134/tools/bin/../lib/gcc/arm-none-eabi/9.2.1/thumb/v7-m/nofp\libcr_eabihelpers.a(double.o)
                0x00004d54                __aeabi_i2d
 .text.__aeabi_dcmpeq
                0x00004d66       0x3c c:/nxp/mcuxpressoide_11.2.1_4149/ide/plugins/com.nxp.mcuxpresso.tools.win32_11.2.0.202008311134/tools/bin/../lib/gcc/arm-none-eabi/9.2.1/thumb/v7-m/nofp\libcr_eabihelpers.a(double.o)
                0x00004d66                __aeabi_dcmpeq
 .text.__aeabi_dcmplt
                0x00004da2       0x58 c:/nxp/mcuxpressoide_11.2.1_4149/ide/plugins/com.nxp.mcuxpresso.tools.win32_11.2.0.202008311134/tools/bin/../lib/gcc/arm-none-eabi/9.2.1/thumb/v7-m/nofp\libcr_eabihelpers.a(double.o)
                0x00004da2                __aeabi_dcmplt
 .text.__aeabi_dcmple
                0x00004dfa       0x62 c:/nxp/mcuxpressoide_11.2.1_4149/ide/plugins/com.nxp.mcuxpresso.tools.win32_11.2.0.202008311134/tools/bin/../lib/gcc/arm-none-eabi/9.2.1/thumb/v7-m/nofp\libcr_eabihelpers.a(double.o)
                0x00004dfa                __aeabi_dcmple
 .text.__aeabi_dcmpge
                0x00004e5c       0x68 c:/nxp/mcuxpressoide_11.2.1_4149/ide/plugins/com.nxp.mcuxpresso.tools.win32_11.2.0.202008311134/tools/bin/../lib/gcc/arm-none-eabi/9.2.1/thumb/v7-m/nofp\libcr_eabihelpers.a(double.o)
                0x00004e5c                __aeabi_dcmpge
 .text.__aeabi_memcpy
                0x00004ec4       0x34 c:/nxp/mcuxpressoide_11.2.1_4149/ide/plugins/com.nxp.mcuxpresso.tools.win32_11.2.0.202008311134/tools/bin/../lib/gcc/arm-none-eabi/9.2.1/thumb/v7-m/nofp\libcr_eabihelpers.a(memcpy.o)
                0x00004ec4                __aeabi_memcpy
                0x00004ece                __aeabi_memcpy8
                0x00004ece                __aeabi_memcpy4
 .text.__aeabi_memmove
                0x00004ef8       0x1c c:/nxp/mcuxpressoide_11.2.1_4149/ide/plugins/com.nxp.mcuxpresso.tools.win32_11.2.0.202008311134/tools/bin/../lib/gcc/arm-none-eabi/9.2.1/thumb/v7-m/nofp\libcr_eabihelpers.a(memcpy.o)
                0x00004ef8                __aeabi_memmove
                0x00004ef8                __aeabi_memmove4
                0x00004ef8                __aeabi_memmove8
 .text.__aeabi_memset_lowlevel
                0x00004f14       0x32 c:/nxp/mcuxpressoide_11.2.1_4149/ide/plugins/com.nxp.mcuxpresso.tools.win32_11.2.0.202008311134/tools/bin/../lib/gcc/arm-none-eabi/9.2.1/thumb/v7-m/nofp\libcr_eabihelpers.a(memcpy.o)
                0x00004f14                __aeabi_lowlevel_memset
 .text.__sys_appexit
                0x00004f46        0x2 c:/nxp/mcuxpressoide_11.2.1_4149/ide/plugins/com.nxp.mcuxpresso.tools.win32_11.2.0.202008311134/tools/bin/../lib/gcc/arm-none-eabi/9.2.1/../../../../arm-none-eabi/lib/thumb/v7-m/nofp\libcr_nohost.a(__sys_appexit.o)
                0x00004f46                __sys_appexit
                0x00004f46                __exit
 .text.__sys_close
                0x00004f48        0x6 c:/nxp/mcuxpressoide_11.2.1_4149/ide/plugins/com.nxp.mcuxpresso.tools.win32_11.2.0.202008311134/tools/bin/../lib/gcc/arm-none-eabi/9.2.1/../../../../arm-none-eabi/lib/thumb/v7-m/nofp\libcr_nohost.a(__sys_close.o)
                0x00004f48                __sys_close
 .text.__sys_flen
                0x00004f4e        0x6 c:/nxp/mcuxpressoide_11.2.1_4149/ide/plugins/com.nxp.mcuxpresso.tools.win32_11.2.0.202008311134/tools/bin/../lib/gcc/arm-none-eabi/9.2.1/../../../../arm-none-eabi/lib/thumb/v7-m/nofp\libcr_nohost.a(__sys_flen.o)
                0x00004f4e                __sys_flen
 .text.__sys_istty
                0x00004f54        0x6 c:/nxp/mcuxpressoide_11.2.1_4149/ide/plugins/com.nxp.mcuxpresso.tools.win32_11.2.0.202008311134/tools/bin/../lib/gcc/arm-none-eabi/9.2.1/../../../../arm-none-eabi/lib/thumb/v7-m/nofp\libcr_nohost.a(__sys_istty.o)
                0x00004f54                __sys_istty
 .text.__sys_remove
                0x00004f5a        0x6 c:/nxp/mcuxpressoide_11.2.1_4149/ide/plugins/com.nxp.mcuxpresso.tools.win32_11.2.0.202008311134/tools/bin/../lib/gcc/arm-none-eabi/9.2.1/../../../../arm-none-eabi/lib/thumb/v7-m/nofp\libcr_nohost.a(__sys_remove.o)
                0x00004f5a                __sys_remove
 .text.__sys_seek
                0x00004f60        0x6 c:/nxp/mcuxpressoide_11.2.1_4149/ide/plugins/com.nxp.mcuxpresso.tools.win32_11.2.0.202008311134/tools/bin/../lib/gcc/arm-none-eabi/9.2.1/../../../../arm-none-eabi/lib/thumb/v7-m/nofp\libcr_nohost.a(__sys_seek.o)
                0x00004f60                __sys_seek
 .text.__sys_tmpnam
                0x00004f66        0x6 c:/nxp/mcuxpressoide_11.2.1_4149/ide/plugins/com.nxp.mcuxpresso.tools.win32_11.2.0.202008311134/tools/bin/../lib/gcc/arm-none-eabi/9.2.1/../../../../arm-none-eabi/lib/thumb/v7-m/nofp\libcr_nohost.a(__sys_tmpnam.o)
                0x00004f66                __sys_tmpnam
 .text.__sys_write
                0x00004f6c        0x4 c:/nxp/mcuxpressoide_11.2.1_4149/ide/plugins/com.nxp.mcuxpresso.tools.win32_11.2.0.202008311134/tools/bin/../lib/gcc/arm-none-eabi/9.2.1/../../../../arm-none-eabi/lib/thumb/v7-m/nofp\libcr_nohost.a(__sys_write.o)
                0x00004f6c                __sys_write
 *(.rodata .rodata.* .constdata .constdata.*)
 .rodata.printTime.str1.4
                0x00004f70       0x1d C:\Users\obrun\Documents\MCUXpressoIDE_11.2.1_4149\SE1\SE2021\Debug\libSE2021.a(ui.o)
 *fill*         0x00004f8d        0x3 ff
 .rodata.writePlayers.str1.4
                0x00004f90        0x8 C:\Users\obrun\Documents\MCUXpressoIDE_11.2.1_4149\SE1\SE2021\Debug\libSE2021.a(ui.o)
 .rodata.UI_resetObstacles.str1.4
                0x00004f98       0x11 C:\Users\obrun\Documents\MCUXpressoIDE_11.2.1_4149\SE1\SE2021\Debug\libSE2021.a(ui.o)
 *fill*         0x00004fa9        0x3 ff
 .rodata        0x00004fac       0x44 C:\Users\obrun\Documents\MCUXpressoIDE_11.2.1_4149\SE1\SE2021\Debug\libSE2021.a(ui.o)
 .rodata.UI_moveCar.str1.4
                0x00004ff0        0x2 C:\Users\obrun\Documents\MCUXpressoIDE_11.2.1_4149\SE1\SE2021\Debug\libSE2021.a(ui.o)
 *fill*         0x00004ff2        0x2 ff
 .rodata.UI_erasePlayers.str1.4
                0x00004ff4        0xf C:\Users\obrun\Documents\MCUXpressoIDE_11.2.1_4149\SE1\SE2021\Debug\libSE2021.a(ui.o)
 *fill*         0x00005003        0x1 ff
 .rodata.writeManutMenu.str1.4
                0x00005004       0x1c C:\Users\obrun\Documents\MCUXpressoIDE_11.2.1_4149\SE1\SE2021\Debug\libSE2021.a(ui.o)
 .rodata.setHighScore.str1.4
                0x00005020       0x1f C:\Users\obrun\Documents\MCUXpressoIDE_11.2.1_4149\SE1\SE2021\Debug\libSE2021.a(ui.o)
 *fill*         0x0000503f        0x1 ff
 .rodata.showScore.str1.4
                0x00005040        0xa C:\Users\obrun\Documents\MCUXpressoIDE_11.2.1_4149\SE1\SE2021\Debug\libSE2021.a(ui.o)
 *fill*         0x0000504a        0x2 ff
 .rodata.UI_gameMode.str1.4
                0x0000504c        0x4 C:\Users\obrun\Documents\MCUXpressoIDE_11.2.1_4149\SE1\SE2021\Debug\libSE2021.a(ui.o)
 .rodata.sectors
                0x00005050       0x78 C:\Users\obrun\Documents\MCUXpressoIDE_11.2.1_4149\SE1\SE2021\Debug\libSE2021.a(flash.o)
                0x00005050                sectors
 .rodata.fp_display.str1.1
                0x000050c8       0x34 c:/nxp/mcuxpressoide_11.2.1_4149/ide/plugins/com.nxp.mcuxpresso.tools.win32_11.2.0.202008311134/tools/bin/../lib/gcc/arm-none-eabi/9.2.1/../../../../arm-none-eabi/lib/thumb/v7-m/nofp\libcr_c.a(fpprintf.o)
                                 0x35 (size before relaxing)
 .rodata._initio.str1.1
                0x000050fc        0x4 c:/nxp/mcuxpressoide_11.2.1_4149/ide/plugins/com.nxp.mcuxpresso.tools.win32_11.2.0.202008311134/tools/bin/../lib/gcc/arm-none-eabi/9.2.1/../../../../arm-none-eabi/lib/thumb/v7-m/nofp\libcr_c.a(initio.o)
 .rodata.__vfprintf.str1.1
                0x00005100       0x31 c:/nxp/mcuxpressoide_11.2.1_4149/ide/plugins/com.nxp.mcuxpresso.tools.win32_11.2.0.202008311134/tools/bin/../lib/gcc/arm-none-eabi/9.2.1/../../../../arm-none-eabi/lib/thumb/v7-m/nofp\libcr_c.a(printf.o)
                                 0x38 (size before relaxing)
 *fill*         0x00005131        0x3 ff
 .rodata.monlen
                0x00005134       0x34 c:/nxp/mcuxpressoide_11.2.1_4149/ide/plugins/com.nxp.mcuxpresso.tools.win32_11.2.0.202008311134/tools/bin/../lib/gcc/arm-none-eabi/9.2.1/../../../../arm-none-eabi/lib/thumb/v7-m/nofp\libcr_c.a(time.o)
 .rodata._Csys_alloc.str1.1
                0x00005168       0x18 c:/nxp/mcuxpressoide_11.2.1_4149/ide/plugins/com.nxp.mcuxpresso.tools.win32_11.2.0.202008311134/tools/bin/../lib/gcc/arm-none-eabi/9.2.1/../../../../arm-none-eabi/lib/thumb/v7-m/nofp\libcr_c.a(alloc.o)
 .rodata.__num_Ciob_streams
                0x00005180        0x4 c:/nxp/mcuxpressoide_11.2.1_4149/ide/plugins/com.nxp.mcuxpresso.tools.win32_11.2.0.202008311134/tools/bin/../lib/gcc/arm-none-eabi/9.2.1/../../../../arm-none-eabi/lib/thumb/v7-m/nofp\libcr_nohost.a(__ciob.o)
                0x00005180                __num_Ciob_streams
                0x00005184                . = ALIGN (0x4)

.glue_7         0x00005184        0x0
 .glue_7        0x00005184        0x0 linker stubs

.glue_7t        0x00005184        0x0
 .glue_7t       0x00005184        0x0 linker stubs

.vfp11_veneer   0x00005184        0x0
 .vfp11_veneer  0x00005184        0x0 linker stubs

.v4_bx          0x00005184        0x0
 .v4_bx         0x00005184        0x0 linker stubs

.iplt           0x00005184        0x0
 .iplt          0x00005184        0x0 ./src/Car_Runner.o

.rel.dyn        0x00005184        0x0
 .rel.iplt      0x00005184        0x0 ./src/Car_Runner.o

.ARM.extab
 *(.ARM.extab* .gnu.linkonce.armextab.*)

.ARM.exidx      0x00005184        0x0
                0x00005184                __exidx_start = .
 *(.ARM.exidx* .gnu.linkonce.armexidx.*)
                0x00005184                __exidx_end = .
                0x00005184                _etext = .

.data_RAM2      0x2007c000        0x0 load address 0x00005184
 FILL mask 0xff
                [!provide]                PROVIDE (__start_data_RAM2 = .)
                [!provide]                PROVIDE (__start_data_RamAHB32 = .)
 *(.ramfunc.$RAM2)
 *(.ramfunc.$RamAHB32)
 *(.data.$RAM2)
 *(.data.$RamAHB32)
 *(.data.$RAM2.*)
 *(.data.$RamAHB32.*)
                0x2007c000                . = ALIGN (0x4)
                [!provide]                PROVIDE (__end_data_RAM2 = .)
                [!provide]                PROVIDE (__end_data_RamAHB32 = .)

.uninit_RESERVED
                0x10000000        0x0
                0x10000000                _start_uninit_RESERVED = .
 *(.bss.$RESERVED*)
                0x10000000                . = ALIGN (0x4)
                0x10000000                _end_uninit_RESERVED = .

.data           0x10000000      0x198 load address 0x00005184
 FILL mask 0xff
                0x10000000                _data = .
                [!provide]                PROVIDE (__start_data_RAM = .)
                [!provide]                PROVIDE (__start_data_RamLoc32 = .)
 *(vtable)
 *(.ramfunc*)
 *(CodeQuickAccess)
 *(DataQuickAccess)
 *(RamFunction)
 *(.data*)
 .data.stateBtn1
                0x10000000        0x4 C:\Users\obrun\Documents\MCUXpressoIDE_11.2.1_4149\SE1\SE2021\Debug\libSE2021.a(button.o)
                0x10000000                stateBtn1
 .data.stateBtn2
                0x10000004        0x4 C:\Users\obrun\Documents\MCUXpressoIDE_11.2.1_4149\SE1\SE2021\Debug\libSE2021.a(button.o)
                0x10000004                stateBtn2
 .data.stateBtn3
                0x10000008        0x4 C:\Users\obrun\Documents\MCUXpressoIDE_11.2.1_4149\SE1\SE2021\Debug\libSE2021.a(button.o)
                0x10000008                stateBtn3
 .data.carPos   0x1000000c        0x4 C:\Users\obrun\Documents\MCUXpressoIDE_11.2.1_4149\SE1\SE2021\Debug\libSE2021.a(ui.o)
                0x1000000c                carPos
 .data.sectorAddr
                0x10000010        0x4 C:\Users\obrun\Documents\MCUXpressoIDE_11.2.1_4149\SE1\SE2021\Debug\libSE2021.a(ui.o)
                0x10000010                sectorAddr
 .data.myTime   0x10000014       0x24 C:\Users\obrun\Documents\MCUXpressoIDE_11.2.1_4149\SE1\SE2021\Debug\libSE2021.a(ui.o)
                0x10000014                myTime
 .data.topObs   0x10000038       0x11 C:\Users\obrun\Documents\MCUXpressoIDE_11.2.1_4149\SE1\SE2021\Debug\libSE2021.a(ui.o)
                0x10000038                topObs
 *fill*         0x10000049        0x3 ff
 .data.botObs   0x1000004c       0x11 C:\Users\obrun\Documents\MCUXpressoIDE_11.2.1_4149\SE1\SE2021\Debug\libSE2021.a(ui.o)
                0x1000004c                botObs
 *fill*         0x1000005d        0x3 ff
 .data.letters  0x10000060       0x1b C:\Users\obrun\Documents\MCUXpressoIDE_11.2.1_4149\SE1\SE2021\Debug\libSE2021.a(ui.o)
                0x10000060                letters
 *fill*         0x1000007b        0x1 ff
 .data.dummyPlayer
                0x1000007c        0x8 C:\Users\obrun\Documents\MCUXpressoIDE_11.2.1_4149\SE1\SE2021\Debug\libSE2021.a(ui.o)
                0x1000007c                dummyPlayer
 .data.flashPlayerScores
                0x10000084        0x4 C:\Users\obrun\Documents\MCUXpressoIDE_11.2.1_4149\SE1\SE2021\Debug\libSE2021.a(ui.o)
                0x10000084                flashPlayerScores
 .data.currentPlayer
                0x10000088        0x8 C:\Users\obrun\Documents\MCUXpressoIDE_11.2.1_4149\SE1\SE2021\Debug\libSE2021.a(ui.o)
                0x10000088                currentPlayer
 .data.bw_rate_arr
                0x10000090        0x4 C:\Users\obrun\Documents\MCUXpressoIDE_11.2.1_4149\SE1\SE2021\Debug\libSE2021.a(adxl345.o)
                0x10000090                bw_rate_arr
 .data.power_ctl_arr
                0x10000094        0x4 C:\Users\obrun\Documents\MCUXpressoIDE_11.2.1_4149\SE1\SE2021\Debug\libSE2021.a(adxl345.o)
                0x10000094                power_ctl_arr
 .data.data_format_arr
                0x10000098        0x4 C:\Users\obrun\Documents\MCUXpressoIDE_11.2.1_4149\SE1\SE2021\Debug\libSE2021.a(adxl345.o)
                0x10000098                data_format_arr
 .data.getx_arr
                0x1000009c        0x6 C:\Users\obrun\Documents\MCUXpressoIDE_11.2.1_4149\SE1\SE2021\Debug\libSE2021.a(adxl345.o)
                0x1000009c                getx_arr
 *fill*         0x100000a2        0x2 ff
 .data.getid_arr
                0x100000a4        0x4 C:\Users\obrun\Documents\MCUXpressoIDE_11.2.1_4149\SE1\SE2021\Debug\libSE2021.a(adxl345.o)
                0x100000a4                getid_arr
 .data.iap_entry
                0x100000a8        0x4 C:\Users\obrun\Documents\MCUXpressoIDE_11.2.1_4149\SE1\SE2021\Debug\libSE2021.a(flash.o)
                0x100000a8                iap_entry
 .data.lin      0x100000ac        0x4 C:\Users\obrun\Documents\MCUXpressoIDE_11.2.1_4149\SE1\SE2021\Debug\libSE2021.a(lcd.o)
                0x100000ac                lin
 .data.SystemCoreClock
                0x100000b0        0x4 C:\Users\obrun\Documents\MCUXpressoIDE_11.2.1_4149\SE1\CMSIS_CORE_LPC17xx\Debug\libCMSIS_CORE_LPC17xx.a(system_LPC17xx.o)
                0x100000b0                SystemCoreClock
 .data._random_j
                0x100000b4        0x4 c:/nxp/mcuxpressoide_11.2.1_4149/ide/plugins/com.nxp.mcuxpresso.tools.win32_11.2.0.202008311134/tools/bin/../lib/gcc/arm-none-eabi/9.2.1/../../../../arm-none-eabi/lib/thumb/v7-m/nofp\libcr_c.a(stdlib.o)
 .data._random_k
                0x100000b8        0x4 c:/nxp/mcuxpressoide_11.2.1_4149/ide/plugins/com.nxp.mcuxpresso.tools.win32_11.2.0.202008311134/tools/bin/../lib/gcc/arm-none-eabi/9.2.1/../../../../arm-none-eabi/lib/thumb/v7-m/nofp\libcr_c.a(stdlib.o)
 .data._random_number_seed
                0x100000bc       0xdc c:/nxp/mcuxpressoide_11.2.1_4149/ide/plugins/com.nxp.mcuxpresso.tools.win32_11.2.0.202008311134/tools/bin/../lib/gcc/arm-none-eabi/9.2.1/../../../../arm-none-eabi/lib/thumb/v7-m/nofp\libcr_c.a(stdlib.o)
                0x10000198                . = ALIGN (0x4)
                0x10000198                _edata = .
                [!provide]                PROVIDE (__end_data_RAM = .)
                [!provide]                PROVIDE (__end_data_RamLoc32 = .)

.igot.plt       0x10000198        0x0 load address 0x0000531c
 .igot.plt      0x10000198        0x0 ./src/Car_Runner.o

.bss_RAM2       0x2007c000        0x0
                [!provide]                PROVIDE (__start_bss_RAM2 = .)
                [!provide]                PROVIDE (__start_bss_RamAHB32 = .)
 *(.bss.$RAM2)
 *(.bss.$RamAHB32)
 *(.bss.$RAM2.*)
 *(.bss.$RamAHB32.*)
                0x2007c000                . = ALIGN ((. != 0x0)?0x4:0x1)
                [!provide]                PROVIDE (__end_bss_RAM2 = .)
                [!provide]                PROVIDE (__end_bss_RamAHB32 = .)

.bss            0x10000198      0x298
                0x10000198                _bss = .
                [!provide]                PROVIDE (__start_bss_RAM = .)
                [!provide]                PROVIDE (__start_bss_RamLoc32 = .)
 *(.bss*)
 .bss.timeOnTran
                0x10000198        0x4 C:\Users\obrun\Documents\MCUXpressoIDE_11.2.1_4149\SE1\SE2021\Debug\libSE2021.a(ui.o)
                0x10000198                timeOnTran
 .bss.timeCounter
                0x1000019c        0x4 C:\Users\obrun\Documents\MCUXpressoIDE_11.2.1_4149\SE1\SE2021\Debug\libSE2021.a(ui.o)
                0x1000019c                timeCounter
 .bss.flipMenuTimer
                0x100001a0        0x4 C:\Users\obrun\Documents\MCUXpressoIDE_11.2.1_4149\SE1\SE2021\Debug\libSE2021.a(ui.o)
                0x100001a0                flipMenuTimer
 .bss.positionsToBeEvaluated
                0x100001a4       0x14 C:\Users\obrun\Documents\MCUXpressoIDE_11.2.1_4149\SE1\SE2021\Debug\libSE2021.a(ui.o)
                0x100001a4                positionsToBeEvaluated
 .bss.randomPositions
                0x100001b8       0x14 C:\Users\obrun\Documents\MCUXpressoIDE_11.2.1_4149\SE1\SE2021\Debug\libSE2021.a(ui.o)
                0x100001b8                randomPositions
 .bss.playerScores
                0x100001cc       0x18 C:\Users\obrun\Documents\MCUXpressoIDE_11.2.1_4149\SE1\SE2021\Debug\libSE2021.a(ui.o)
                0x100001cc                playerScores
 .bss.leftState
                0x100001e4        0x4 C:\Users\obrun\Documents\MCUXpressoIDE_11.2.1_4149\SE1\SE2021\Debug\libSE2021.a(ui.o)
                0x100001e4                leftState
 .bss.rightState
                0x100001e8        0x4 C:\Users\obrun\Documents\MCUXpressoIDE_11.2.1_4149\SE1\SE2021\Debug\libSE2021.a(ui.o)
                0x100001e8                rightState
 .bss.__ms      0x100001ec        0x4 C:\Users\obrun\Documents\MCUXpressoIDE_11.2.1_4149\SE1\SE2021\Debug\libSE2021.a(wait.o)
 .bss.command   0x100001f0       0x14 C:\Users\obrun\Documents\MCUXpressoIDE_11.2.1_4149\SE1\SE2021\Debug\libSE2021.a(flash.o)
                0x100001f0                command
 .bss.output    0x10000204       0x14 C:\Users\obrun\Documents\MCUXpressoIDE_11.2.1_4149\SE1\SE2021\Debug\libSE2021.a(flash.o)
                0x10000204                output
 .bss.col       0x10000218        0x4 C:\Users\obrun\Documents\MCUXpressoIDE_11.2.1_4149\SE1\SE2021\Debug\libSE2021.a(lcd.o)
                0x10000218                col
 .bss.dummy     0x1000021c        0x4 C:\Users\obrun\Documents\MCUXpressoIDE_11.2.1_4149\SE1\SE2021\Debug\libSE2021.a(spi.o)
                0x1000021c                dummy
 .bss._tms.4139
                0x10000220       0x24 c:/nxp/mcuxpressoide_11.2.1_4149/ide/plugins/com.nxp.mcuxpresso.tools.win32_11.2.0.202008311134/tools/bin/../lib/gcc/arm-none-eabi/9.2.1/../../../../arm-none-eabi/lib/thumb/v7-m/nofp\libcr_c.a(time.o)
 .bss.errno     0x10000244        0x4 c:/nxp/mcuxpressoide_11.2.1_4149/ide/plugins/com.nxp.mcuxpresso.tools.win32_11.2.0.202008311134/tools/bin/../lib/gcc/arm-none-eabi/9.2.1/../../../../arm-none-eabi/lib/thumb/v7-m/nofp\libcr_c.a(errno.o)
                0x10000244                errno
 .bss.__end_of_heap
                0x10000248        0x4 c:/nxp/mcuxpressoide_11.2.1_4149/ide/plugins/com.nxp.mcuxpresso.tools.win32_11.2.0.202008311134/tools/bin/../lib/gcc/arm-none-eabi/9.2.1/../../../../arm-none-eabi/lib/thumb/v7-m/nofp\libcr_c.a(__init_alloc.o)
                0x10000248                __end_of_heap
 .bss.__heaps   0x1000024c        0x4 c:/nxp/mcuxpressoide_11.2.1_4149/ide/plugins/com.nxp.mcuxpresso.tools.win32_11.2.0.202008311134/tools/bin/../lib/gcc/arm-none-eabi/9.2.1/../../../../arm-none-eabi/lib/thumb/v7-m/nofp\libcr_c.a(__init_alloc.o)
                0x1000024c                __heaps
 .bss.__Ciob    0x10000250      0x1e0 c:/nxp/mcuxpressoide_11.2.1_4149/ide/plugins/com.nxp.mcuxpresso.tools.win32_11.2.0.202008311134/tools/bin/../lib/gcc/arm-none-eabi/9.2.1/../../../../arm-none-eabi/lib/thumb/v7-m/nofp\libcr_nohost.a(__ciob.o)
                0x10000250                __Ciob
 *(COMMON)
                0x10000430                . = ALIGN (0x4)
                0x10000430                _ebss = .
                [!provide]                PROVIDE (__end_bss_RAM = .)
                [!provide]                PROVIDE (__end_bss_RamLoc32 = .)
                [!provide]                PROVIDE (end = .)

.noinit_RAM2    0x2007c000        0x0
                [!provide]                PROVIDE (__start_noinit_RAM2 = .)
                [!provide]                PROVIDE (__start_noinit_RamAHB32 = .)
 *(.noinit.$RAM2)
 *(.noinit.$RamAHB32)
 *(.noinit.$RAM2.*)
 *(.noinit.$RamAHB32.*)
                0x2007c000                . = ALIGN (0x4)
                [!provide]                PROVIDE (__end_noinit_RAM2 = .)
                [!provide]                PROVIDE (__end_noinit_RamAHB32 = .)

.noinit         0x10000430        0x0
                0x10000430                _noinit = .
                [!provide]                PROVIDE (__start_noinit_RAM = .)
                [!provide]                PROVIDE (__start_noinit_RamLoc32 = .)
 *(.noinit*)
                0x10000430                . = ALIGN (0x4)
                0x10000430                _end_noinit = .
                [!provide]                PROVIDE (__end_noinit_RAM = .)
                [!provide]                PROVIDE (__end_noinit_RamLoc32 = .)
                0x10000430                PROVIDE (_pvHeapStart = DEFINED (__user_heap_base)?__user_heap_base:.)
                0x10008000                PROVIDE (_vStackTop = DEFINED (__user_stack_top)?__user_stack_top:(__top_RamLoc32 - 0x0))
                0xefff74c6                PROVIDE (__valid_user_code_checksum = (0x0 - ((((((_vStackTop + (ResetISR + 0x1)) + (NMI_Handler + 0x1)) + (HardFault_Handler + 0x1)) + (DEFINED (MemManage_Handler)?MemManage_Handler:0x0 + 0x1)) + (DEFINED (BusFault_Handler)?BusFault_Handler:0x0 + 0x1)) + (DEFINED (UsageFault_Handler)?UsageFault_Handler:0x0 + 0x1))))
                0x00000000                _image_start = LOADADDR (.text)
                0x0000531c                _image_end = (LOADADDR (.data) + SIZEOF (.data))
                0x0000531c                _image_size = (_image_end - _image_start)
OUTPUT(Car_Runner.axf elf32-littlearm)

.debug_info     0x00000000     0x44fb
 .debug_info    0x00000000      0x229 ./src/Car_Runner.o
 .debug_info    0x00000229      0x272 ./src/cr_startup_lpc175x_6x.o
 .debug_info    0x0000049b       0x40 ./src/crp.o
 .debug_info    0x000004db      0x65f C:\Users\obrun\Documents\MCUXpressoIDE_11.2.1_4149\SE1\SE2021\Debug\libSE2021.a(button.o)
 .debug_info    0x00000b3a      0xcae C:\Users\obrun\Documents\MCUXpressoIDE_11.2.1_4149\SE1\SE2021\Debug\libSE2021.a(ui.o)
 .debug_info    0x000017e8      0x9fc C:\Users\obrun\Documents\MCUXpressoIDE_11.2.1_4149\SE1\SE2021\Debug\libSE2021.a(wait.o)
 .debug_info    0x000021e4      0x7d9 C:\Users\obrun\Documents\MCUXpressoIDE_11.2.1_4149\SE1\SE2021\Debug\libSE2021.a(adxl345.o)
 .debug_info    0x000029bd      0x29e C:\Users\obrun\Documents\MCUXpressoIDE_11.2.1_4149\SE1\SE2021\Debug\libSE2021.a(flash.o)
 .debug_info    0x00002c5b      0x917 C:\Users\obrun\Documents\MCUXpressoIDE_11.2.1_4149\SE1\SE2021\Debug\libSE2021.a(lcd.o)
 .debug_info    0x00003572      0x5a2 C:\Users\obrun\Documents\MCUXpressoIDE_11.2.1_4149\SE1\SE2021\Debug\libSE2021.a(rtc.o)
 .debug_info    0x00003b14      0x66a C:\Users\obrun\Documents\MCUXpressoIDE_11.2.1_4149\SE1\SE2021\Debug\libSE2021.a(spi.o)
 .debug_info    0x0000417e      0x37d C:\Users\obrun\Documents\MCUXpressoIDE_11.2.1_4149\SE1\CMSIS_CORE_LPC17xx\Debug\libCMSIS_CORE_LPC17xx.a(system_LPC17xx.o)

.debug_abbrev   0x00000000     0x1215
 .debug_abbrev  0x00000000       0xe6 ./src/Car_Runner.o
 .debug_abbrev  0x000000e6      0x117 ./src/cr_startup_lpc175x_6x.o
 .debug_abbrev  0x000001fd       0x38 ./src/crp.o
 .debug_abbrev  0x00000235      0x13a C:\Users\obrun\Documents\MCUXpressoIDE_11.2.1_4149\SE1\SE2021\Debug\libSE2021.a(button.o)
 .debug_abbrev  0x0000036f      0x2ed C:\Users\obrun\Documents\MCUXpressoIDE_11.2.1_4149\SE1\SE2021\Debug\libSE2021.a(ui.o)
 .debug_abbrev  0x0000065c      0x275 C:\Users\obrun\Documents\MCUXpressoIDE_11.2.1_4149\SE1\SE2021\Debug\libSE2021.a(wait.o)
 .debug_abbrev  0x000008d1      0x19d C:\Users\obrun\Documents\MCUXpressoIDE_11.2.1_4149\SE1\SE2021\Debug\libSE2021.a(adxl345.o)
 .debug_abbrev  0x00000a6e      0x146 C:\Users\obrun\Documents\MCUXpressoIDE_11.2.1_4149\SE1\SE2021\Debug\libSE2021.a(flash.o)
 .debug_abbrev  0x00000bb4      0x1f7 C:\Users\obrun\Documents\MCUXpressoIDE_11.2.1_4149\SE1\SE2021\Debug\libSE2021.a(lcd.o)
 .debug_abbrev  0x00000dab      0x194 C:\Users\obrun\Documents\MCUXpressoIDE_11.2.1_4149\SE1\SE2021\Debug\libSE2021.a(rtc.o)
 .debug_abbrev  0x00000f3f      0x1ba C:\Users\obrun\Documents\MCUXpressoIDE_11.2.1_4149\SE1\SE2021\Debug\libSE2021.a(spi.o)
 .debug_abbrev  0x000010f9      0x11c C:\Users\obrun\Documents\MCUXpressoIDE_11.2.1_4149\SE1\CMSIS_CORE_LPC17xx\Debug\libCMSIS_CORE_LPC17xx.a(system_LPC17xx.o)

.debug_aranges  0x00000000      0x490
 .debug_aranges
                0x00000000       0x30 ./src/Car_Runner.o
 .debug_aranges
                0x00000030       0x80 ./src/cr_startup_lpc175x_6x.o
 .debug_aranges
                0x000000b0       0x18 ./src/crp.o
 .debug_aranges
                0x000000c8       0x38 C:\Users\obrun\Documents\MCUXpressoIDE_11.2.1_4149\SE1\SE2021\Debug\libSE2021.a(button.o)
 .debug_aranges
                0x00000100      0x188 C:\Users\obrun\Documents\MCUXpressoIDE_11.2.1_4149\SE1\SE2021\Debug\libSE2021.a(ui.o)
 .debug_aranges
                0x00000288       0x50 C:\Users\obrun\Documents\MCUXpressoIDE_11.2.1_4149\SE1\SE2021\Debug\libSE2021.a(wait.o)
 .debug_aranges
                0x000002d8       0x70 C:\Users\obrun\Documents\MCUXpressoIDE_11.2.1_4149\SE1\SE2021\Debug\libSE2021.a(adxl345.o)
 .debug_aranges
                0x00000348       0x38 C:\Users\obrun\Documents\MCUXpressoIDE_11.2.1_4149\SE1\SE2021\Debug\libSE2021.a(flash.o)
 .debug_aranges
                0x00000380       0x78 C:\Users\obrun\Documents\MCUXpressoIDE_11.2.1_4149\SE1\SE2021\Debug\libSE2021.a(lcd.o)
 .debug_aranges
                0x000003f8       0x40 C:\Users\obrun\Documents\MCUXpressoIDE_11.2.1_4149\SE1\SE2021\Debug\libSE2021.a(rtc.o)
 .debug_aranges
                0x00000438       0x30 C:\Users\obrun\Documents\MCUXpressoIDE_11.2.1_4149\SE1\SE2021\Debug\libSE2021.a(spi.o)
 .debug_aranges
                0x00000468       0x28 C:\Users\obrun\Documents\MCUXpressoIDE_11.2.1_4149\SE1\CMSIS_CORE_LPC17xx\Debug\libCMSIS_CORE_LPC17xx.a(system_LPC17xx.o)

.debug_ranges   0x00000000      0x3f8
 .debug_ranges  0x00000000       0x20 ./src/Car_Runner.o
 .debug_ranges  0x00000020       0x70 ./src/cr_startup_lpc175x_6x.o
 .debug_ranges  0x00000090       0x28 C:\Users\obrun\Documents\MCUXpressoIDE_11.2.1_4149\SE1\SE2021\Debug\libSE2021.a(button.o)
 .debug_ranges  0x000000b8      0x1a8 C:\Users\obrun\Documents\MCUXpressoIDE_11.2.1_4149\SE1\SE2021\Debug\libSE2021.a(ui.o)
 .debug_ranges  0x00000260       0x40 C:\Users\obrun\Documents\MCUXpressoIDE_11.2.1_4149\SE1\SE2021\Debug\libSE2021.a(wait.o)
 .debug_ranges  0x000002a0       0x60 C:\Users\obrun\Documents\MCUXpressoIDE_11.2.1_4149\SE1\SE2021\Debug\libSE2021.a(adxl345.o)
 .debug_ranges  0x00000300       0x28 C:\Users\obrun\Documents\MCUXpressoIDE_11.2.1_4149\SE1\SE2021\Debug\libSE2021.a(flash.o)
 .debug_ranges  0x00000328       0x68 C:\Users\obrun\Documents\MCUXpressoIDE_11.2.1_4149\SE1\SE2021\Debug\libSE2021.a(lcd.o)
 .debug_ranges  0x00000390       0x30 C:\Users\obrun\Documents\MCUXpressoIDE_11.2.1_4149\SE1\SE2021\Debug\libSE2021.a(rtc.o)
 .debug_ranges  0x000003c0       0x20 C:\Users\obrun\Documents\MCUXpressoIDE_11.2.1_4149\SE1\SE2021\Debug\libSE2021.a(spi.o)
 .debug_ranges  0x000003e0       0x18 C:\Users\obrun\Documents\MCUXpressoIDE_11.2.1_4149\SE1\CMSIS_CORE_LPC17xx\Debug\libCMSIS_CORE_LPC17xx.a(system_LPC17xx.o)

.debug_macro    0x00000000     0x4161
 .debug_macro   0x00000000       0xf8 ./src/Car_Runner.o
 .debug_macro   0x000000f8      0xaae ./src/Car_Runner.o
 .debug_macro   0x00000ba6       0x1c ./src/Car_Runner.o
 .debug_macro   0x00000bc2       0x3a ./src/Car_Runner.o
 .debug_macro   0x00000bfc       0x10 ./src/Car_Runner.o
 .debug_macro   0x00000c0c      0x12e ./src/Car_Runner.o
 .debug_macro   0x00000d3a      0x5b3 ./src/Car_Runner.o
 .debug_macro   0x000012ed       0x2d ./src/Car_Runner.o
 .debug_macro   0x0000131a      0xbb1 ./src/Car_Runner.o
 .debug_macro   0x00001ecb      0x2c7 ./src/Car_Runner.o
 .debug_macro   0x00002192       0x82 ./src/Car_Runner.o
 .debug_macro   0x00002214       0xa0 ./src/Car_Runner.o
 .debug_macro   0x000022b4       0x22 ./src/Car_Runner.o
 .debug_macro   0x000022d6       0x10 ./src/Car_Runner.o
 .debug_macro   0x000022e6       0x1d ./src/cr_startup_lpc175x_6x.o
 .debug_macro   0x00002303       0x1a ./src/crp.o
 .debug_macro   0x0000231d       0x34 ./src/crp.o
 .debug_macro   0x00002351       0xe0 C:\Users\obrun\Documents\MCUXpressoIDE_11.2.1_4149\SE1\SE2021\Debug\libSE2021.a(button.o)
 .debug_macro   0x00002431      0xaae C:\Users\obrun\Documents\MCUXpressoIDE_11.2.1_4149\SE1\SE2021\Debug\libSE2021.a(button.o)
 .debug_macro   0x00002edf      0x147 C:\Users\obrun\Documents\MCUXpressoIDE_11.2.1_4149\SE1\SE2021\Debug\libSE2021.a(ui.o)
 .debug_macro   0x00003026       0x10 C:\Users\obrun\Documents\MCUXpressoIDE_11.2.1_4149\SE1\SE2021\Debug\libSE2021.a(ui.o)
 .debug_macro   0x00003036       0x9a C:\Users\obrun\Documents\MCUXpressoIDE_11.2.1_4149\SE1\SE2021\Debug\libSE2021.a(ui.o)
 .debug_macro   0x000030d0       0x22 C:\Users\obrun\Documents\MCUXpressoIDE_11.2.1_4149\SE1\SE2021\Debug\libSE2021.a(ui.o)
 .debug_macro   0x000030f2       0x8e C:\Users\obrun\Documents\MCUXpressoIDE_11.2.1_4149\SE1\SE2021\Debug\libSE2021.a(wait.o)
 .debug_macro   0x00003180       0xe0 C:\Users\obrun\Documents\MCUXpressoIDE_11.2.1_4149\SE1\SE2021\Debug\libSE2021.a(adxl345.o)
 .debug_macro   0x00003260       0xa6 C:\Users\obrun\Documents\MCUXpressoIDE_11.2.1_4149\SE1\SE2021\Debug\libSE2021.a(flash.o)
 .debug_macro   0x00003306      0x11c C:\Users\obrun\Documents\MCUXpressoIDE_11.2.1_4149\SE1\SE2021\Debug\libSE2021.a(lcd.o)
 .debug_macro   0x00003422       0x1c C:\Users\obrun\Documents\MCUXpressoIDE_11.2.1_4149\SE1\SE2021\Debug\libSE2021.a(lcd.o)
 .debug_macro   0x0000343e       0x94 C:\Users\obrun\Documents\MCUXpressoIDE_11.2.1_4149\SE1\SE2021\Debug\libSE2021.a(rtc.o)
 .debug_macro   0x000034d2       0xb4 C:\Users\obrun\Documents\MCUXpressoIDE_11.2.1_4149\SE1\SE2021\Debug\libSE2021.a(spi.o)
 .debug_macro   0x00003586      0x12d C:\Users\obrun\Documents\MCUXpressoIDE_11.2.1_4149\SE1\CMSIS_CORE_LPC17xx\Debug\libCMSIS_CORE_LPC17xx.a(system_LPC17xx.o)
 .debug_macro   0x000036b3      0xaae C:\Users\obrun\Documents\MCUXpressoIDE_11.2.1_4149\SE1\CMSIS_CORE_LPC17xx\Debug\libCMSIS_CORE_LPC17xx.a(system_LPC17xx.o)

.debug_line     0x00000000     0x31e2
 .debug_line    0x00000000      0x394 ./src/Car_Runner.o
 .debug_line    0x00000394      0x160 ./src/cr_startup_lpc175x_6x.o
 .debug_line    0x000004f4       0xb1 ./src/crp.o
 .debug_line    0x000005a5      0x3a5 C:\Users\obrun\Documents\MCUXpressoIDE_11.2.1_4149\SE1\SE2021\Debug\libSE2021.a(button.o)
 .debug_line    0x0000094a      0xdcb C:\Users\obrun\Documents\MCUXpressoIDE_11.2.1_4149\SE1\SE2021\Debug\libSE2021.a(ui.o)
 .debug_line    0x00001715      0x3b4 C:\Users\obrun\Documents\MCUXpressoIDE_11.2.1_4149\SE1\SE2021\Debug\libSE2021.a(wait.o)
 .debug_line    0x00001ac9      0x3e9 C:\Users\obrun\Documents\MCUXpressoIDE_11.2.1_4149\SE1\SE2021\Debug\libSE2021.a(adxl345.o)
 .debug_line    0x00001eb2      0x33c C:\Users\obrun\Documents\MCUXpressoIDE_11.2.1_4149\SE1\SE2021\Debug\libSE2021.a(flash.o)
 .debug_line    0x000021ee      0x47c C:\Users\obrun\Documents\MCUXpressoIDE_11.2.1_4149\SE1\SE2021\Debug\libSE2021.a(lcd.o)
 .debug_line    0x0000266a      0x3f2 C:\Users\obrun\Documents\MCUXpressoIDE_11.2.1_4149\SE1\SE2021\Debug\libSE2021.a(rtc.o)
 .debug_line    0x00002a5c      0x30f C:\Users\obrun\Documents\MCUXpressoIDE_11.2.1_4149\SE1\SE2021\Debug\libSE2021.a(spi.o)
 .debug_line    0x00002d6b      0x477 C:\Users\obrun\Documents\MCUXpressoIDE_11.2.1_4149\SE1\CMSIS_CORE_LPC17xx\Debug\libCMSIS_CORE_LPC17xx.a(system_LPC17xx.o)

.debug_str      0x00000000     0xc3dc
 .debug_str     0x00000000     0xa5f5 ./src/Car_Runner.o
                               0xa68d (size before relaxing)
 .debug_str     0x0000a5f5      0x1d6 ./src/cr_startup_lpc175x_6x.o
                               0x3001 (size before relaxing)
 .debug_str     0x0000a7cb       0xe9 ./src/crp.o
                               0x2f0e (size before relaxing)
 .debug_str     0x0000a8b4      0x491 C:\Users\obrun\Documents\MCUXpressoIDE_11.2.1_4149\SE1\SE2021\Debug\libSE2021.a(button.o)
                               0xa2bf (size before relaxing)
 .debug_str     0x0000ad45      0x540 C:\Users\obrun\Documents\MCUXpressoIDE_11.2.1_4149\SE1\SE2021\Debug\libSE2021.a(ui.o)
                               0xa70b (size before relaxing)
 .debug_str     0x0000b285      0x4e0 C:\Users\obrun\Documents\MCUXpressoIDE_11.2.1_4149\SE1\SE2021\Debug\libSE2021.a(wait.o)
                               0xa374 (size before relaxing)
 .debug_str     0x0000b765      0x1b4 C:\Users\obrun\Documents\MCUXpressoIDE_11.2.1_4149\SE1\SE2021\Debug\libSE2021.a(adxl345.o)
                               0xa280 (size before relaxing)
 .debug_str     0x0000b919       0xf9 C:\Users\obrun\Documents\MCUXpressoIDE_11.2.1_4149\SE1\SE2021\Debug\libSE2021.a(flash.o)
                               0x9f65 (size before relaxing)
 .debug_str     0x0000ba12      0x305 C:\Users\obrun\Documents\MCUXpressoIDE_11.2.1_4149\SE1\SE2021\Debug\libSE2021.a(lcd.o)
                               0xa6d4 (size before relaxing)
 .debug_str     0x0000bd17      0x19a C:\Users\obrun\Documents\MCUXpressoIDE_11.2.1_4149\SE1\SE2021\Debug\libSE2021.a(rtc.o)
                               0xa119 (size before relaxing)
 .debug_str     0x0000beb1      0x102 C:\Users\obrun\Documents\MCUXpressoIDE_11.2.1_4149\SE1\SE2021\Debug\libSE2021.a(spi.o)
                               0xa1b5 (size before relaxing)
 .debug_str     0x0000bfb3      0x429 C:\Users\obrun\Documents\MCUXpressoIDE_11.2.1_4149\SE1\CMSIS_CORE_LPC17xx\Debug\libCMSIS_CORE_LPC17xx.a(system_LPC17xx.o)
                               0xa270 (size before relaxing)

.comment        0x00000000       0x79
 .comment       0x00000000       0x79 ./src/Car_Runner.o
                                 0x7a (size before relaxing)
 .comment       0x00000079       0x7a ./src/cr_startup_lpc175x_6x.o
 .comment       0x00000079       0x7a ./src/crp.o
 .comment       0x00000079       0x7a C:\Users\obrun\Documents\MCUXpressoIDE_11.2.1_4149\SE1\SE2021\Debug\libSE2021.a(button.o)
 .comment       0x00000079       0x7a C:\Users\obrun\Documents\MCUXpressoIDE_11.2.1_4149\SE1\SE2021\Debug\libSE2021.a(ui.o)
 .comment       0x00000079       0x7a C:\Users\obrun\Documents\MCUXpressoIDE_11.2.1_4149\SE1\SE2021\Debug\libSE2021.a(wait.o)
 .comment       0x00000079       0x7a C:\Users\obrun\Documents\MCUXpressoIDE_11.2.1_4149\SE1\SE2021\Debug\libSE2021.a(adxl345.o)
 .comment       0x00000079       0x7a C:\Users\obrun\Documents\MCUXpressoIDE_11.2.1_4149\SE1\SE2021\Debug\libSE2021.a(flash.o)
 .comment       0x00000079       0x7a C:\Users\obrun\Documents\MCUXpressoIDE_11.2.1_4149\SE1\SE2021\Debug\libSE2021.a(lcd.o)
 .comment       0x00000079       0x7a C:\Users\obrun\Documents\MCUXpressoIDE_11.2.1_4149\SE1\SE2021\Debug\libSE2021.a(rtc.o)
 .comment       0x00000079       0x7a C:\Users\obrun\Documents\MCUXpressoIDE_11.2.1_4149\SE1\SE2021\Debug\libSE2021.a(spi.o)
 .comment       0x00000079       0x7a C:\Users\obrun\Documents\MCUXpressoIDE_11.2.1_4149\SE1\CMSIS_CORE_LPC17xx\Debug\libCMSIS_CORE_LPC17xx.a(system_LPC17xx.o)
 .comment       0x00000079       0x7a c:/nxp/mcuxpressoide_11.2.1_4149/ide/plugins/com.nxp.mcuxpresso.tools.win32_11.2.0.202008311134/tools/bin/../lib/gcc/arm-none-eabi/9.2.1/../../../../arm-none-eabi/lib/thumb/v7-m/nofp\libcr_nohost.a(_cr__main.o)
 .comment       0x00000079       0x7a c:/nxp/mcuxpressoide_11.2.1_4149/ide/plugins/com.nxp.mcuxpresso.tools.win32_11.2.0.202008311134/tools/bin/../lib/gcc/arm-none-eabi/9.2.1/../../../../arm-none-eabi/lib/thumb/v7-m/nofp\libcr_c.a(memmove.o)
 .comment       0x00000079       0x7a c:/nxp/mcuxpressoide_11.2.1_4149/ide/plugins/com.nxp.mcuxpresso.tools.win32_11.2.0.202008311134/tools/bin/../lib/gcc/arm-none-eabi/9.2.1/../../../../arm-none-eabi/lib/thumb/v7-m/nofp\libcr_c.a(fpprintf.o)
 .comment       0x00000079       0x7a c:/nxp/mcuxpressoide_11.2.1_4149/ide/plugins/com.nxp.mcuxpresso.tools.win32_11.2.0.202008311134/tools/bin/../lib/gcc/arm-none-eabi/9.2.1/../../../../arm-none-eabi/lib/thumb/v7-m/nofp\libcr_c.a(initio.o)
 .comment       0x00000079       0x7a c:/nxp/mcuxpressoide_11.2.1_4149/ide/plugins/com.nxp.mcuxpresso.tools.win32_11.2.0.202008311134/tools/bin/../lib/gcc/arm-none-eabi/9.2.1/../../../../arm-none-eabi/lib/thumb/v7-m/nofp\libcr_c.a(printf.o)
 .comment       0x00000079       0x7a c:/nxp/mcuxpressoide_11.2.1_4149/ide/plugins/com.nxp.mcuxpresso.tools.win32_11.2.0.202008311134/tools/bin/../lib/gcc/arm-none-eabi/9.2.1/../../../../arm-none-eabi/lib/thumb/v7-m/nofp\libcr_c.a(setvbuf.o)
 .comment       0x00000079       0x7a c:/nxp/mcuxpressoide_11.2.1_4149/ide/plugins/com.nxp.mcuxpresso.tools.win32_11.2.0.202008311134/tools/bin/../lib/gcc/arm-none-eabi/9.2.1/../../../../arm-none-eabi/lib/thumb/v7-m/nofp\libcr_c.a(stdlib.o)
 .comment       0x00000079       0x7a c:/nxp/mcuxpressoide_11.2.1_4149/ide/plugins/com.nxp.mcuxpresso.tools.win32_11.2.0.202008311134/tools/bin/../lib/gcc/arm-none-eabi/9.2.1/../../../../arm-none-eabi/lib/thumb/v7-m/nofp\libcr_c.a(strcpy.o)
 .comment       0x00000079       0x7a c:/nxp/mcuxpressoide_11.2.1_4149/ide/plugins/com.nxp.mcuxpresso.tools.win32_11.2.0.202008311134/tools/bin/../lib/gcc/arm-none-eabi/9.2.1/../../../../arm-none-eabi/lib/thumb/v7-m/nofp\libcr_c.a(strlen.o)
 .comment       0x00000079       0x7a c:/nxp/mcuxpressoide_11.2.1_4149/ide/plugins/com.nxp.mcuxpresso.tools.win32_11.2.0.202008311134/tools/bin/../lib/gcc/arm-none-eabi/9.2.1/../../../../arm-none-eabi/lib/thumb/v7-m/nofp\libcr_c.a(strncpy.o)
 .comment       0x00000079       0x7a c:/nxp/mcuxpressoide_11.2.1_4149/ide/plugins/com.nxp.mcuxpresso.tools.win32_11.2.0.202008311134/tools/bin/../lib/gcc/arm-none-eabi/9.2.1/../../../../arm-none-eabi/lib/thumb/v7-m/nofp\libcr_c.a(time.o)
 .comment       0x00000079       0x7a c:/nxp/mcuxpressoide_11.2.1_4149/ide/plugins/com.nxp.mcuxpresso.tools.win32_11.2.0.202008311134/tools/bin/../lib/gcc/arm-none-eabi/9.2.1/../../../../arm-none-eabi/lib/thumb/v7-m/nofp\libcr_c.a(memset.o)
 .comment       0x00000079       0x7a c:/nxp/mcuxpressoide_11.2.1_4149/ide/plugins/com.nxp.mcuxpresso.tools.win32_11.2.0.202008311134/tools/bin/../lib/gcc/arm-none-eabi/9.2.1/../../../../arm-none-eabi/lib/thumb/v7-m/nofp\libcr_c.a(_deferredlazyseek.o)
 .comment       0x00000079       0x7a c:/nxp/mcuxpressoide_11.2.1_4149/ide/plugins/com.nxp.mcuxpresso.tools.win32_11.2.0.202008311134/tools/bin/../lib/gcc/arm-none-eabi/9.2.1/../../../../arm-none-eabi/lib/thumb/v7-m/nofp\libcr_c.a(_fdopen.o)
 .comment       0x00000079       0x7a c:/nxp/mcuxpressoide_11.2.1_4149/ide/plugins/com.nxp.mcuxpresso.tools.win32_11.2.0.202008311134/tools/bin/../lib/gcc/arm-none-eabi/9.2.1/../../../../arm-none-eabi/lib/thumb/v7-m/nofp\libcr_c.a(_fflush.o)
 .comment       0x00000079       0x7a c:/nxp/mcuxpressoide_11.2.1_4149/ide/plugins/com.nxp.mcuxpresso.tools.win32_11.2.0.202008311134/tools/bin/../lib/gcc/arm-none-eabi/9.2.1/../../../../arm-none-eabi/lib/thumb/v7-m/nofp\libcr_c.a(_frexpl.o)
 .comment       0x00000079       0x7a c:/nxp/mcuxpressoide_11.2.1_4149/ide/plugins/com.nxp.mcuxpresso.tools.win32_11.2.0.202008311134/tools/bin/../lib/gcc/arm-none-eabi/9.2.1/../../../../arm-none-eabi/lib/thumb/v7-m/nofp\libcr_c.a(_ldexpl.o)
 .comment       0x00000079       0x7a c:/nxp/mcuxpressoide_11.2.1_4149/ide/plugins/com.nxp.mcuxpresso.tools.win32_11.2.0.202008311134/tools/bin/../lib/gcc/arm-none-eabi/9.2.1/../../../../arm-none-eabi/lib/thumb/v7-m/nofp\libcr_c.a(_writebuf.o)
 .comment       0x00000079       0x7a c:/nxp/mcuxpressoide_11.2.1_4149/ide/plugins/com.nxp.mcuxpresso.tools.win32_11.2.0.202008311134/tools/bin/../lib/gcc/arm-none-eabi/9.2.1/../../../../arm-none-eabi/lib/thumb/v7-m/nofp\libcr_c.a(alloc.o)
 .comment       0x00000079       0x7a c:/nxp/mcuxpressoide_11.2.1_4149/ide/plugins/com.nxp.mcuxpresso.tools.win32_11.2.0.202008311134/tools/bin/../lib/gcc/arm-none-eabi/9.2.1/../../../../arm-none-eabi/lib/thumb/v7-m/nofp\libcr_c.a(errno.o)
 .comment       0x00000079       0x7a c:/nxp/mcuxpressoide_11.2.1_4149/ide/plugins/com.nxp.mcuxpresso.tools.win32_11.2.0.202008311134/tools/bin/../lib/gcc/arm-none-eabi/9.2.1/../../../../arm-none-eabi/lib/thumb/v7-m/nofp\libcr_c.a(fclose.o)
 .comment       0x00000079       0x7a c:/nxp/mcuxpressoide_11.2.1_4149/ide/plugins/com.nxp.mcuxpresso.tools.win32_11.2.0.202008311134/tools/bin/../lib/gcc/arm-none-eabi/9.2.1/../../../../arm-none-eabi/lib/thumb/v7-m/nofp\libcr_c.a(fflush.o)
 .comment       0x00000079       0x7a c:/nxp/mcuxpressoide_11.2.1_4149/ide/plugins/com.nxp.mcuxpresso.tools.win32_11.2.0.202008311134/tools/bin/../lib/gcc/arm-none-eabi/9.2.1/../../../../arm-none-eabi/lib/thumb/v7-m/nofp\libcr_c.a(fseek.o)
 .comment       0x00000079       0x7a c:/nxp/mcuxpressoide_11.2.1_4149/ide/plugins/com.nxp.mcuxpresso.tools.win32_11.2.0.202008311134/tools/bin/../lib/gcc/arm-none-eabi/9.2.1/../../../../arm-none-eabi/lib/thumb/v7-m/nofp\libcr_c.a(ftell.o)
 .comment       0x00000079       0x7a c:/nxp/mcuxpressoide_11.2.1_4149/ide/plugins/com.nxp.mcuxpresso.tools.win32_11.2.0.202008311134/tools/bin/../lib/gcc/arm-none-eabi/9.2.1/../../../../arm-none-eabi/lib/thumb/v7-m/nofp\libcr_c.a(remove.o)
 .comment       0x00000079       0x7a c:/nxp/mcuxpressoide_11.2.1_4149/ide/plugins/com.nxp.mcuxpresso.tools.win32_11.2.0.202008311134/tools/bin/../lib/gcc/arm-none-eabi/9.2.1/../../../../arm-none-eabi/lib/thumb/v7-m/nofp\libcr_c.a(__init_alloc.o)
 .comment       0x00000079       0x7a c:/nxp/mcuxpressoide_11.2.1_4149/ide/plugins/com.nxp.mcuxpresso.tools.win32_11.2.0.202008311134/tools/bin/../lib/gcc/arm-none-eabi/9.2.1/../../../../arm-none-eabi/lib/thumb/v7-m/nofp\libcr_c.a(_cr_sbrk.o)
 .comment       0x00000079       0x7a c:/nxp/mcuxpressoide_11.2.1_4149/ide/plugins/com.nxp.mcuxpresso.tools.win32_11.2.0.202008311134/tools/bin/../lib/gcc/arm-none-eabi/9.2.1/../../../../arm-none-eabi/lib/thumb/v7-m/nofp\libcr_c.a(_do_fflush.o)
 .comment       0x00000079       0x7a c:/nxp/mcuxpressoide_11.2.1_4149/ide/plugins/com.nxp.mcuxpresso.tools.win32_11.2.0.202008311134/tools/bin/../lib/gcc/arm-none-eabi/9.2.1/../../../../arm-none-eabi/lib/thumb/v7-m/nofp\libcr_c.a(_cr_check_heap.o)
 .comment       0x00000079       0x7a c:/nxp/mcuxpressoide_11.2.1_4149/ide/plugins/com.nxp.mcuxpresso.tools.win32_11.2.0.202008311134/tools/bin/../lib/gcc/arm-none-eabi/9.2.1/thumb/v7-m/nofp\libcr_eabihelpers.a(double.o)
 .comment       0x00000079       0x7a c:/nxp/mcuxpressoide_11.2.1_4149/ide/plugins/com.nxp.mcuxpresso.tools.win32_11.2.0.202008311134/tools/bin/../lib/gcc/arm-none-eabi/9.2.1/../../../../arm-none-eabi/lib/thumb/v7-m/nofp\libcr_nohost.a(__ciob.o)
 .comment       0x00000079       0x7a c:/nxp/mcuxpressoide_11.2.1_4149/ide/plugins/com.nxp.mcuxpresso.tools.win32_11.2.0.202008311134/tools/bin/../lib/gcc/arm-none-eabi/9.2.1/../../../../arm-none-eabi/lib/thumb/v7-m/nofp\libcr_nohost.a(__sys_appexit.o)
 .comment       0x00000079       0x7a c:/nxp/mcuxpressoide_11.2.1_4149/ide/plugins/com.nxp.mcuxpresso.tools.win32_11.2.0.202008311134/tools/bin/../lib/gcc/arm-none-eabi/9.2.1/../../../../arm-none-eabi/lib/thumb/v7-m/nofp\libcr_nohost.a(__sys_close.o)
 .comment       0x00000079       0x7a c:/nxp/mcuxpressoide_11.2.1_4149/ide/plugins/com.nxp.mcuxpresso.tools.win32_11.2.0.202008311134/tools/bin/../lib/gcc/arm-none-eabi/9.2.1/../../../../arm-none-eabi/lib/thumb/v7-m/nofp\libcr_nohost.a(__sys_flen.o)
 .comment       0x00000079       0x7a c:/nxp/mcuxpressoide_11.2.1_4149/ide/plugins/com.nxp.mcuxpresso.tools.win32_11.2.0.202008311134/tools/bin/../lib/gcc/arm-none-eabi/9.2.1/../../../../arm-none-eabi/lib/thumb/v7-m/nofp\libcr_nohost.a(__sys_istty.o)
 .comment       0x00000079       0x7a c:/nxp/mcuxpressoide_11.2.1_4149/ide/plugins/com.nxp.mcuxpresso.tools.win32_11.2.0.202008311134/tools/bin/../lib/gcc/arm-none-eabi/9.2.1/../../../../arm-none-eabi/lib/thumb/v7-m/nofp\libcr_nohost.a(__sys_remove.o)
 .comment       0x00000079       0x7a c:/nxp/mcuxpressoide_11.2.1_4149/ide/plugins/com.nxp.mcuxpresso.tools.win32_11.2.0.202008311134/tools/bin/../lib/gcc/arm-none-eabi/9.2.1/../../../../arm-none-eabi/lib/thumb/v7-m/nofp\libcr_nohost.a(__sys_seek.o)
 .comment       0x00000079       0x7a c:/nxp/mcuxpressoide_11.2.1_4149/ide/plugins/com.nxp.mcuxpresso.tools.win32_11.2.0.202008311134/tools/bin/../lib/gcc/arm-none-eabi/9.2.1/../../../../arm-none-eabi/lib/thumb/v7-m/nofp\libcr_nohost.a(__sys_tmpnam.o)
 .comment       0x00000079       0x7a c:/nxp/mcuxpressoide_11.2.1_4149/ide/plugins/com.nxp.mcuxpresso.tools.win32_11.2.0.202008311134/tools/bin/../lib/gcc/arm-none-eabi/9.2.1/../../../../arm-none-eabi/lib/thumb/v7-m/nofp\libcr_nohost.a(__sys_write.o)

.ARM.attributes
                0x00000000       0x2b
 .ARM.attributes
                0x00000000       0x2d ./src/Car_Runner.o
 .ARM.attributes
                0x0000002d       0x2d ./src/cr_startup_lpc175x_6x.o
 .ARM.attributes
                0x0000005a       0x33 ./src/crp.o
 .ARM.attributes
                0x0000008d       0x2d C:\Users\obrun\Documents\MCUXpressoIDE_11.2.1_4149\SE1\SE2021\Debug\libSE2021.a(button.o)
 .ARM.attributes
                0x000000ba       0x2d C:\Users\obrun\Documents\MCUXpressoIDE_11.2.1_4149\SE1\SE2021\Debug\libSE2021.a(ui.o)
 .ARM.attributes
                0x000000e7       0x2d C:\Users\obrun\Documents\MCUXpressoIDE_11.2.1_4149\SE1\SE2021\Debug\libSE2021.a(wait.o)
 .ARM.attributes
                0x00000114       0x2d C:\Users\obrun\Documents\MCUXpressoIDE_11.2.1_4149\SE1\SE2021\Debug\libSE2021.a(adxl345.o)
 .ARM.attributes
                0x00000141       0x2d C:\Users\obrun\Documents\MCUXpressoIDE_11.2.1_4149\SE1\SE2021\Debug\libSE2021.a(flash.o)
 .ARM.attributes
                0x0000016e       0x2d C:\Users\obrun\Documents\MCUXpressoIDE_11.2.1_4149\SE1\SE2021\Debug\libSE2021.a(lcd.o)
 .ARM.attributes
                0x0000019b       0x2d C:\Users\obrun\Documents\MCUXpressoIDE_11.2.1_4149\SE1\SE2021\Debug\libSE2021.a(rtc.o)
 .ARM.attributes
                0x000001c8       0x2d C:\Users\obrun\Documents\MCUXpressoIDE_11.2.1_4149\SE1\SE2021\Debug\libSE2021.a(spi.o)
 .ARM.attributes
                0x000001f5       0x2d C:\Users\obrun\Documents\MCUXpressoIDE_11.2.1_4149\SE1\CMSIS_CORE_LPC17xx\Debug\libCMSIS_CORE_LPC17xx.a(system_LPC17xx.o)
 .ARM.attributes
                0x00000222       0x2d c:/nxp/mcuxpressoide_11.2.1_4149/ide/plugins/com.nxp.mcuxpresso.tools.win32_11.2.0.202008311134/tools/bin/../lib/gcc/arm-none-eabi/9.2.1/../../../../arm-none-eabi/lib/thumb/v7-m/nofp\libcr_nohost.a(_cr__main.o)
 .ARM.attributes
                0x0000024f       0x2d c:/nxp/mcuxpressoide_11.2.1_4149/ide/plugins/com.nxp.mcuxpresso.tools.win32_11.2.0.202008311134/tools/bin/../lib/gcc/arm-none-eabi/9.2.1/../../../../arm-none-eabi/lib/thumb/v7-m/nofp\libcr_c.a(memmove.o)
 .ARM.attributes
                0x0000027c       0x2d c:/nxp/mcuxpressoide_11.2.1_4149/ide/plugins/com.nxp.mcuxpresso.tools.win32_11.2.0.202008311134/tools/bin/../lib/gcc/arm-none-eabi/9.2.1/../../../../arm-none-eabi/lib/thumb/v7-m/nofp\libcr_c.a(fpprintf.o)
 .ARM.attributes
                0x000002a9       0x2d c:/nxp/mcuxpressoide_11.2.1_4149/ide/plugins/com.nxp.mcuxpresso.tools.win32_11.2.0.202008311134/tools/bin/../lib/gcc/arm-none-eabi/9.2.1/../../../../arm-none-eabi/lib/thumb/v7-m/nofp\libcr_c.a(initio.o)
 .ARM.attributes
                0x000002d6       0x2d c:/nxp/mcuxpressoide_11.2.1_4149/ide/plugins/com.nxp.mcuxpresso.tools.win32_11.2.0.202008311134/tools/bin/../lib/gcc/arm-none-eabi/9.2.1/../../../../arm-none-eabi/lib/thumb/v7-m/nofp\libcr_c.a(printf.o)
 .ARM.attributes
                0x00000303       0x2d c:/nxp/mcuxpressoide_11.2.1_4149/ide/plugins/com.nxp.mcuxpresso.tools.win32_11.2.0.202008311134/tools/bin/../lib/gcc/arm-none-eabi/9.2.1/../../../../arm-none-eabi/lib/thumb/v7-m/nofp\libcr_c.a(setvbuf.o)
 .ARM.attributes
                0x00000330       0x2d c:/nxp/mcuxpressoide_11.2.1_4149/ide/plugins/com.nxp.mcuxpresso.tools.win32_11.2.0.202008311134/tools/bin/../lib/gcc/arm-none-eabi/9.2.1/../../../../arm-none-eabi/lib/thumb/v7-m/nofp\libcr_c.a(stdlib.o)
 .ARM.attributes
                0x0000035d       0x2d c:/nxp/mcuxpressoide_11.2.1_4149/ide/plugins/com.nxp.mcuxpresso.tools.win32_11.2.0.202008311134/tools/bin/../lib/gcc/arm-none-eabi/9.2.1/../../../../arm-none-eabi/lib/thumb/v7-m/nofp\libcr_c.a(strcpy.o)
 .ARM.attributes
                0x0000038a       0x2d c:/nxp/mcuxpressoide_11.2.1_4149/ide/plugins/com.nxp.mcuxpresso.tools.win32_11.2.0.202008311134/tools/bin/../lib/gcc/arm-none-eabi/9.2.1/../../../../arm-none-eabi/lib/thumb/v7-m/nofp\libcr_c.a(strlen.o)
 .ARM.attributes
                0x000003b7       0x2d c:/nxp/mcuxpressoide_11.2.1_4149/ide/plugins/com.nxp.mcuxpresso.tools.win32_11.2.0.202008311134/tools/bin/../lib/gcc/arm-none-eabi/9.2.1/../../../../arm-none-eabi/lib/thumb/v7-m/nofp\libcr_c.a(strncpy.o)
 .ARM.attributes
                0x000003e4       0x2d c:/nxp/mcuxpressoide_11.2.1_4149/ide/plugins/com.nxp.mcuxpresso.tools.win32_11.2.0.202008311134/tools/bin/../lib/gcc/arm-none-eabi/9.2.1/../../../../arm-none-eabi/lib/thumb/v7-m/nofp\libcr_c.a(time.o)
 .ARM.attributes
                0x00000411       0x2d c:/nxp/mcuxpressoide_11.2.1_4149/ide/plugins/com.nxp.mcuxpresso.tools.win32_11.2.0.202008311134/tools/bin/../lib/gcc/arm-none-eabi/9.2.1/../../../../arm-none-eabi/lib/thumb/v7-m/nofp\libcr_c.a(memset.o)
 .ARM.attributes
                0x0000043e       0x2d c:/nxp/mcuxpressoide_11.2.1_4149/ide/plugins/com.nxp.mcuxpresso.tools.win32_11.2.0.202008311134/tools/bin/../lib/gcc/arm-none-eabi/9.2.1/../../../../arm-none-eabi/lib/thumb/v7-m/nofp\libcr_c.a(_deferredlazyseek.o)
 .ARM.attributes
                0x0000046b       0x2d c:/nxp/mcuxpressoide_11.2.1_4149/ide/plugins/com.nxp.mcuxpresso.tools.win32_11.2.0.202008311134/tools/bin/../lib/gcc/arm-none-eabi/9.2.1/../../../../arm-none-eabi/lib/thumb/v7-m/nofp\libcr_c.a(_fdopen.o)
 .ARM.attributes
                0x00000498       0x2d c:/nxp/mcuxpressoide_11.2.1_4149/ide/plugins/com.nxp.mcuxpresso.tools.win32_11.2.0.202008311134/tools/bin/../lib/gcc/arm-none-eabi/9.2.1/../../../../arm-none-eabi/lib/thumb/v7-m/nofp\libcr_c.a(_fflush.o)
 .ARM.attributes
                0x000004c5       0x2d c:/nxp/mcuxpressoide_11.2.1_4149/ide/plugins/com.nxp.mcuxpresso.tools.win32_11.2.0.202008311134/tools/bin/../lib/gcc/arm-none-eabi/9.2.1/../../../../arm-none-eabi/lib/thumb/v7-m/nofp\libcr_c.a(_frexpl.o)
 .ARM.attributes
                0x000004f2       0x2d c:/nxp/mcuxpressoide_11.2.1_4149/ide/plugins/com.nxp.mcuxpresso.tools.win32_11.2.0.202008311134/tools/bin/../lib/gcc/arm-none-eabi/9.2.1/../../../../arm-none-eabi/lib/thumb/v7-m/nofp\libcr_c.a(_ldexpl.o)
 .ARM.attributes
                0x0000051f       0x2d c:/nxp/mcuxpressoide_11.2.1_4149/ide/plugins/com.nxp.mcuxpresso.tools.win32_11.2.0.202008311134/tools/bin/../lib/gcc/arm-none-eabi/9.2.1/../../../../arm-none-eabi/lib/thumb/v7-m/nofp\libcr_c.a(_writebuf.o)
 .ARM.attributes
                0x0000054c       0x2d c:/nxp/mcuxpressoide_11.2.1_4149/ide/plugins/com.nxp.mcuxpresso.tools.win32_11.2.0.202008311134/tools/bin/../lib/gcc/arm-none-eabi/9.2.1/../../../../arm-none-eabi/lib/thumb/v7-m/nofp\libcr_c.a(alloc.o)
 .ARM.attributes
                0x00000579       0x33 c:/nxp/mcuxpressoide_11.2.1_4149/ide/plugins/com.nxp.mcuxpresso.tools.win32_11.2.0.202008311134/tools/bin/../lib/gcc/arm-none-eabi/9.2.1/../../../../arm-none-eabi/lib/thumb/v7-m/nofp\libcr_c.a(errno.o)
 .ARM.attributes
                0x000005ac       0x2d c:/nxp/mcuxpressoide_11.2.1_4149/ide/plugins/com.nxp.mcuxpresso.tools.win32_11.2.0.202008311134/tools/bin/../lib/gcc/arm-none-eabi/9.2.1/../../../../arm-none-eabi/lib/thumb/v7-m/nofp\libcr_c.a(fclose.o)
 .ARM.attributes
                0x000005d9       0x2d c:/nxp/mcuxpressoide_11.2.1_4149/ide/plugins/com.nxp.mcuxpresso.tools.win32_11.2.0.202008311134/tools/bin/../lib/gcc/arm-none-eabi/9.2.1/../../../../arm-none-eabi/lib/thumb/v7-m/nofp\libcr_c.a(fflush.o)
 .ARM.attributes
                0x00000606       0x2d c:/nxp/mcuxpressoide_11.2.1_4149/ide/plugins/com.nxp.mcuxpresso.tools.win32_11.2.0.202008311134/tools/bin/../lib/gcc/arm-none-eabi/9.2.1/../../../../arm-none-eabi/lib/thumb/v7-m/nofp\libcr_c.a(fseek.o)
 .ARM.attributes
                0x00000633       0x2d c:/nxp/mcuxpressoide_11.2.1_4149/ide/plugins/com.nxp.mcuxpresso.tools.win32_11.2.0.202008311134/tools/bin/../lib/gcc/arm-none-eabi/9.2.1/../../../../arm-none-eabi/lib/thumb/v7-m/nofp\libcr_c.a(ftell.o)
 .ARM.attributes
                0x00000660       0x2d c:/nxp/mcuxpressoide_11.2.1_4149/ide/plugins/com.nxp.mcuxpresso.tools.win32_11.2.0.202008311134/tools/bin/../lib/gcc/arm-none-eabi/9.2.1/../../../../arm-none-eabi/lib/thumb/v7-m/nofp\libcr_c.a(remove.o)
 .ARM.attributes
                0x0000068d       0x2d c:/nxp/mcuxpressoide_11.2.1_4149/ide/plugins/com.nxp.mcuxpresso.tools.win32_11.2.0.202008311134/tools/bin/../lib/gcc/arm-none-eabi/9.2.1/../../../../arm-none-eabi/lib/thumb/v7-m/nofp\libcr_c.a(__init_alloc.o)
 .ARM.attributes
                0x000006ba       0x2d c:/nxp/mcuxpressoide_11.2.1_4149/ide/plugins/com.nxp.mcuxpresso.tools.win32_11.2.0.202008311134/tools/bin/../lib/gcc/arm-none-eabi/9.2.1/../../../../arm-none-eabi/lib/thumb/v7-m/nofp\libcr_c.a(_cr_sbrk.o)
 .ARM.attributes
                0x000006e7       0x2d c:/nxp/mcuxpressoide_11.2.1_4149/ide/plugins/com.nxp.mcuxpresso.tools.win32_11.2.0.202008311134/tools/bin/../lib/gcc/arm-none-eabi/9.2.1/../../../../arm-none-eabi/lib/thumb/v7-m/nofp\libcr_c.a(_do_fflush.o)
 .ARM.attributes
                0x00000714       0x2d c:/nxp/mcuxpressoide_11.2.1_4149/ide/plugins/com.nxp.mcuxpresso.tools.win32_11.2.0.202008311134/tools/bin/../lib/gcc/arm-none-eabi/9.2.1/../../../../arm-none-eabi/lib/thumb/v7-m/nofp\libcr_c.a(_cr_check_heap.o)
 .ARM.attributes
                0x00000741       0x1b c:/nxp/mcuxpressoide_11.2.1_4149/ide/plugins/com.nxp.mcuxpresso.tools.win32_11.2.0.202008311134/tools/bin/../lib/gcc/arm-none-eabi/9.2.1/thumb/v7-m/nofp\libcr_eabihelpers.a(division_64.o)
 .ARM.attributes
                0x0000075c       0x1b c:/nxp/mcuxpressoide_11.2.1_4149/ide/plugins/com.nxp.mcuxpresso.tools.win32_11.2.0.202008311134/tools/bin/../lib/gcc/arm-none-eabi/9.2.1/thumb/v7-m/nofp\libcr_eabihelpers.a(division_idiv0.o)
 .ARM.attributes
                0x00000777       0x2d c:/nxp/mcuxpressoide_11.2.1_4149/ide/plugins/com.nxp.mcuxpresso.tools.win32_11.2.0.202008311134/tools/bin/../lib/gcc/arm-none-eabi/9.2.1/thumb/v7-m/nofp\libcr_eabihelpers.a(double.o)
 .ARM.attributes
                0x000007a4       0x1b c:/nxp/mcuxpressoide_11.2.1_4149/ide/plugins/com.nxp.mcuxpresso.tools.win32_11.2.0.202008311134/tools/bin/../lib/gcc/arm-none-eabi/9.2.1/thumb/v7-m/nofp\libcr_eabihelpers.a(memcpy.o)
 .ARM.attributes
                0x000007bf       0x33 c:/nxp/mcuxpressoide_11.2.1_4149/ide/plugins/com.nxp.mcuxpresso.tools.win32_11.2.0.202008311134/tools/bin/../lib/gcc/arm-none-eabi/9.2.1/../../../../arm-none-eabi/lib/thumb/v7-m/nofp\libcr_nohost.a(__ciob.o)
 .ARM.attributes
                0x000007f2       0x2d c:/nxp/mcuxpressoide_11.2.1_4149/ide/plugins/com.nxp.mcuxpresso.tools.win32_11.2.0.202008311134/tools/bin/../lib/gcc/arm-none-eabi/9.2.1/../../../../arm-none-eabi/lib/thumb/v7-m/nofp\libcr_nohost.a(__sys_appexit.o)
 .ARM.attributes